Archive member included to satisfy reference by file (symbol)

c:/ac6/systemworkbench/plugins/fr.ac6.mcu.externaltools.arm-none.win32_1.17.0.201812190825/tools/compiler/bin/../lib/gcc/arm-none-eabi/7.3.1/../../../../arm-none-eabi/lib/thumb/v6-m\libm.a(lib_a-s_ceil.o)
                              Drivers/BSP/Components/sx1276.o (ceil)
c:/ac6/systemworkbench/plugins/fr.ac6.mcu.externaltools.arm-none.win32_1.17.0.201812190825/tools/compiler/bin/../lib/gcc/arm-none-eabi/7.3.1/../../../../arm-none-eabi/lib/thumb/v6-m\libm.a(lib_a-s_floor.o)
                              Drivers/BSP/Components/sx1276.o (floor)
c:/ac6/systemworkbench/plugins/fr.ac6.mcu.externaltools.arm-none.win32_1.17.0.201812190825/tools/compiler/bin/../lib/gcc/arm-none-eabi/7.3.1/../../../../arm-none-eabi/lib/thumb/v6-m\libm.a(lib_a-s_round.o)
                              Drivers/BSP/Components/sx1276.o (round)
c:/ac6/systemworkbench/plugins/fr.ac6.mcu.externaltools.arm-none.win32_1.17.0.201812190825/tools/compiler/bin/../lib/gcc/arm-none-eabi/7.3.1/thumb/v6-m\libgcc.a(_udivsi3.o)
                              Drivers/BSP/Components/sx1276.o (__aeabi_uidiv)
c:/ac6/systemworkbench/plugins/fr.ac6.mcu.externaltools.arm-none.win32_1.17.0.201812190825/tools/compiler/bin/../lib/gcc/arm-none-eabi/7.3.1/thumb/v6-m\libgcc.a(_divsi3.o)
                              Projects/PingPong/mlm32l0xx_hw.o (__aeabi_idiv)
c:/ac6/systemworkbench/plugins/fr.ac6.mcu.externaltools.arm-none.win32_1.17.0.201812190825/tools/compiler/bin/../lib/gcc/arm-none-eabi/7.3.1/thumb/v6-m\libgcc.a(_dvmd_tls.o)
                              c:/ac6/systemworkbench/plugins/fr.ac6.mcu.externaltools.arm-none.win32_1.17.0.201812190825/tools/compiler/bin/../lib/gcc/arm-none-eabi/7.3.1/thumb/v6-m\libgcc.a(_udivsi3.o) (__aeabi_idiv0)
c:/ac6/systemworkbench/plugins/fr.ac6.mcu.externaltools.arm-none.win32_1.17.0.201812190825/tools/compiler/bin/../lib/gcc/arm-none-eabi/7.3.1/thumb/v6-m\libgcc.a(_arm_cmpdf2.o)
                              Drivers/BSP/Components/sx1276.o (__aeabi_dcmpgt)
c:/ac6/systemworkbench/plugins/fr.ac6.mcu.externaltools.arm-none.win32_1.17.0.201812190825/tools/compiler/bin/../lib/gcc/arm-none-eabi/7.3.1/thumb/v6-m\libgcc.a(_arm_cmpsf2.o)
                              Projects/PingPong/hw_rtc.o (__aeabi_fcmplt)
c:/ac6/systemworkbench/plugins/fr.ac6.mcu.externaltools.arm-none.win32_1.17.0.201812190825/tools/compiler/bin/../lib/gcc/arm-none-eabi/7.3.1/thumb/v6-m\libgcc.a(_aeabi_uldivmod.o)
                              Drivers/STM32L0xx_HAL_Driver/stm32l0xx_hal_uart.o (__aeabi_uldivmod)
c:/ac6/systemworkbench/plugins/fr.ac6.mcu.externaltools.arm-none.win32_1.17.0.201812190825/tools/compiler/bin/../lib/gcc/arm-none-eabi/7.3.1/thumb/v6-m\libgcc.a(_fixunssfsi.o)
                              Projects/PingPong/hw_rtc.o (__aeabi_f2uiz)
c:/ac6/systemworkbench/plugins/fr.ac6.mcu.externaltools.arm-none.win32_1.17.0.201812190825/tools/compiler/bin/../lib/gcc/arm-none-eabi/7.3.1/thumb/v6-m\libgcc.a(_fixunsdfsi.o)
                              Drivers/BSP/Components/sx1276.o (__aeabi_d2uiz)
c:/ac6/systemworkbench/plugins/fr.ac6.mcu.externaltools.arm-none.win32_1.17.0.201812190825/tools/compiler/bin/../lib/gcc/arm-none-eabi/7.3.1/thumb/v6-m\libgcc.a(_udivmoddi4.o)
                              c:/ac6/systemworkbench/plugins/fr.ac6.mcu.externaltools.arm-none.win32_1.17.0.201812190825/tools/compiler/bin/../lib/gcc/arm-none-eabi/7.3.1/thumb/v6-m\libgcc.a(_aeabi_uldivmod.o) (__udivmoddi4)
c:/ac6/systemworkbench/plugins/fr.ac6.mcu.externaltools.arm-none.win32_1.17.0.201812190825/tools/compiler/bin/../lib/gcc/arm-none-eabi/7.3.1/thumb/v6-m\libgcc.a(addsf3.o)
                              Projects/PingPong/hw_rtc.o (__aeabi_fadd)
c:/ac6/systemworkbench/plugins/fr.ac6.mcu.externaltools.arm-none.win32_1.17.0.201812190825/tools/compiler/bin/../lib/gcc/arm-none-eabi/7.3.1/thumb/v6-m\libgcc.a(divsf3.o)
                              Projects/PingPong/hw_rtc.o (__aeabi_fdiv)
c:/ac6/systemworkbench/plugins/fr.ac6.mcu.externaltools.arm-none.win32_1.17.0.201812190825/tools/compiler/bin/../lib/gcc/arm-none-eabi/7.3.1/thumb/v6-m\libgcc.a(eqsf2.o)
                              c:/ac6/systemworkbench/plugins/fr.ac6.mcu.externaltools.arm-none.win32_1.17.0.201812190825/tools/compiler/bin/../lib/gcc/arm-none-eabi/7.3.1/thumb/v6-m\libgcc.a(_arm_cmpsf2.o) (__eqsf2)
c:/ac6/systemworkbench/plugins/fr.ac6.mcu.externaltools.arm-none.win32_1.17.0.201812190825/tools/compiler/bin/../lib/gcc/arm-none-eabi/7.3.1/thumb/v6-m\libgcc.a(gesf2.o)
                              c:/ac6/systemworkbench/plugins/fr.ac6.mcu.externaltools.arm-none.win32_1.17.0.201812190825/tools/compiler/bin/../lib/gcc/arm-none-eabi/7.3.1/thumb/v6-m\libgcc.a(_arm_cmpsf2.o) (__gesf2)
c:/ac6/systemworkbench/plugins/fr.ac6.mcu.externaltools.arm-none.win32_1.17.0.201812190825/tools/compiler/bin/../lib/gcc/arm-none-eabi/7.3.1/thumb/v6-m\libgcc.a(lesf2.o)
[...]
Memory Configuration

Name             Origin             Length             Attributes
RAM              0x20000000         0x00005000         xrw
FLASH            0x08000000         0x00030000         xr
*default*        0x00000000         0xffffffff

Linker script and memory map

LOAD c:/ac6/systemworkbench/plugins/fr.ac6.mcu.externaltools.arm-none.win32_1.17.0.201812190825/tools/compiler/bin/../lib/gcc/arm-none-eabi/7.3.1/thumb/v6-m/crti.o
LOAD c:/ac6/systemworkbench/plugins/fr.ac6.mcu.externaltools.arm-none.win32_1.17.0.201812190825/tools/compiler/bin/../lib/gcc/arm-none-eabi/7.3.1/thumb/v6-m/crtbegin.o
LOAD c:/ac6/systemworkbench/plugins/fr.ac6.mcu.externaltools.arm-none.win32_1.17.0.201812190825/tools/compiler/bin/../lib/gcc/arm-none-eabi/7.3.1/../../../../arm-none-eabi/lib/thumb/v6-m/crt0.o
LOAD Application/SW4STM32/startup_stm32l072xx.o
LOAD Drivers/BSP/B_L072Z_LRWAN1/b-l072z-lrwan1.o
LOAD Drivers/BSP/CMWX1ZZABZ-0xx/mlm32l07x01.o
LOAD Drivers/BSP/Components/sx1276.o
LOAD Drivers/CMSIS/system_stm32l0xx.o
LOAD Drivers/STM32L0xx_HAL_Driver/stm32l0xx_hal.o
LOAD Drivers/STM32L0xx_HAL_Driver/stm32l0xx_hal_adc.o
LOAD Drivers/STM32L0xx_HAL_Driver/stm32l0xx_hal_adc_ex.o
LOAD Drivers/STM32L0xx_HAL_Driver/stm32l0xx_hal_cortex.o
LOAD Drivers/STM32L0xx_HAL_Driver/stm32l0xx_hal_dma.o
LOAD Drivers/STM32L0xx_HAL_Driver/stm32l0xx_hal_gpio.o
LOAD Drivers/STM32L0xx_HAL_Driver/stm32l0xx_hal_i2c.o
LOAD Drivers/STM32L0xx_HAL_Driver/stm32l0xx_hal_pwr.o
LOAD Drivers/STM32L0xx_HAL_Driver/stm32l0xx_hal_pwr_ex.o
LOAD Drivers/STM32L0xx_HAL_Driver/stm32l0xx_hal_rcc.o
LOAD Drivers/STM32L0xx_HAL_Driver/stm32l0xx_hal_rcc_ex.o
LOAD Drivers/STM32L0xx_HAL_Driver/stm32l0xx_hal_rtc.o
LOAD Drivers/STM32L0xx_HAL_Driver/stm32l0xx_hal_rtc_ex.o
LOAD Drivers/STM32L0xx_HAL_Driver/stm32l0xx_hal_spi.o
LOAD Drivers/STM32L0xx_HAL_Driver/stm32l0xx_hal_tim.o
LOAD Drivers/STM32L0xx_HAL_Driver/stm32l0xx_hal_tim_ex.o
LOAD Drivers/STM32L0xx_HAL_Driver/stm32l0xx_hal_uart.o
LOAD Drivers/STM32L0xx_HAL_Driver/stm32l0xx_hal_uart_ex.o
LOAD Middlewares/LoRaWAN/Utilities/low_power_manager.o
LOAD Middlewares/LoRaWAN/Utilities/queue.o
LOAD Middlewares/LoRaWAN/Utilities/timeServer.o
LOAD Middlewares/LoRaWAN/Utilities/trace.o
LOAD Middlewares/LoRaWAN/Utilities/utilities.o
LOAD Projects/PingPong/debug.o
LOAD Projects/PingPong/hw_gpio.o
LOAD Projects/PingPong/hw_rtc.o
LOAD Projects/PingPong/hw_spi.o
LOAD Projects/PingPong/main.o
LOAD Projects/PingPong/mlm32l0xx_hal_msp.o
LOAD Projects/PingPong/mlm32l0xx_hw.o
LOAD Projects/PingPong/mlm32l0xx_it.o
LOAD Projects/PingPong/vcom.o
LOAD c:/ac6/systemworkbench/plugins/fr.ac6.mcu.externaltools.arm-none.win32_1.17.0.201812190825/tools/compiler/bin/../lib/gcc/arm-none-eabi/7.3.1/../../../../arm-none-eabi/lib/thumb/v6-m\libm.a
START GROUP
LOAD c:/ac6/systemworkbench/plugins/fr.ac6.mcu.externaltools.arm-none.win32_1.17.0.201812190825/tools/compiler/bin/../lib/gcc/arm-none-eabi/7.3.1/thumb/v6-m\libgcc.a
LOAD c:/ac6/systemworkbench/plugins/fr.ac6.mcu.externaltools.arm-none.win32_1.17.0.201812190825/tools/compiler/bin/../lib/gcc/arm-none-eabi/7.3.1/../../../../arm-none-eabi/lib/thumb/v6-m\libc_nano.a
END GROUP
START GROUP
LOAD c:/ac6/systemworkbench/plugins/fr.ac6.mcu.externaltools.arm-none.win32_1.17.0.201812190825/tools/compiler/bin/../lib/gcc/arm-none-eabi/7.3.1/thumb/v6-m\libgcc.a
LOAD c:/ac6/systemworkbench/plugins/fr.ac6.mcu.externaltools.arm-none.win32_1.17.0.201812190825/tools/compiler/bin/../lib/gcc/arm-none-eabi/7.3.1/../../../../arm-none-eabi/lib/thumb/v6-m\libc_nano.a
LOAD c:/ac6/systemworkbench/plugins/fr.ac6.mcu.externaltools.arm-none.win32_1.17.0.201812190825/tools/compiler/bin/../lib/gcc/arm-none-eabi/7.3.1/../../../../arm-none-eabi/lib/thumb/v6-m\libnosys.a
END GROUP
START GROUP
LOAD c:/ac6/systemworkbench/plugins/fr.ac6.mcu.externaltools.arm-none.win32_1.17.0.201812190825/tools/compiler/bin/../lib/gcc/arm-none-eabi/7.3.1/thumb/v6-m\libgcc.a
LOAD c:/ac6/systemworkbench/plugins/fr.ac6.mcu.externaltools.arm-none.win32_1.17.0.201812190825/tools/compiler/bin/../lib/gcc/arm-none-eabi/7.3.1/../../../../arm-none-eabi/lib/thumb/v6-m\libc_nano.a
LOAD c:/ac6/systemworkbench/plugins/fr.ac6.mcu.externaltools.arm-none.win32_1.17.0.201812190825/tools/compiler/bin/../lib/gcc/arm-none-eabi/7.3.1/../../../../arm-none-eabi/lib/thumb/v6-m\libnosys.a
END GROUP
LOAD c:/ac6/systemworkbench/plugins/fr.ac6.mcu.externaltools.arm-none.win32_1.17.0.201812190825/tools/compiler/bin/../lib/gcc/arm-none-eabi/7.3.1/thumb/v6-m/crtend.o
LOAD c:/ac6/systemworkbench/plugins/fr.ac6.mcu.externaltools.arm-none.win32_1.17.0.201812190825/tools/compiler/bin/../lib/gcc/arm-none-eabi/7.3.1/thumb/v6-m/crtn.o
                0x20005000                _estack = 0x20005000
                0x00000200                _Min_Heap_Size = 0x200
                0x00000400                _Min_Stack_Size = 0x400

.isr_vector     0x08000000       0xc0
                0x08000000                . = ALIGN (0x4)
 *(.isr_vector)
 .isr_vector    0x08000000       0xc0 Application/SW4STM32/startup_stm32l072xx.o
                0x08000000                g_pfnVectors
                0x080000c0                . = ALIGN (0x4)

.text           0x080000c0     0xc788
                0x080000c0                . = ALIGN (0x4)
 *(.text)
 .text          0x080000c0       0x48 c:/ac6/systemworkbench/plugins/fr.ac6.mcu.externaltools.arm-none.win32_1.17.0.201812190825/tools/compiler/bin/../lib/gcc/arm-none-eabi/7.3.1/thumb/v6-m/crtbegin.o
 .text          0x08000108      0x114 c:/ac6/systemworkbench/plugins/fr.ac6.mcu.externaltools.arm-none.win32_1.17.0.201812190825/tools/compiler/bin/../lib/gcc/arm-none-eabi/7.3.1/thumb/v6-m\libgcc.a(_udivsi3.o)
                0x08000108                __aeabi_uidiv
                0x08000108                __udivsi3
                0x08000214                __aeabi_uidivmod
 .text          0x0800021c      0x1d4 c:/ac6/systemworkbench/plugins/fr.ac6.mcu.externaltools.arm-none.win32_1.17.0.201812190825/tools/compiler/bin/../lib/gcc/arm-none-eabi/7.3.1/thumb/v6-m\libgcc.a(_divsi3.o)
                0x0800021c                __divsi3
                0x0800021c                __aeabi_idiv
                0x080003e8                __aeabi_idivmod
 .text          0x080003f0        0x4 c:/ac6/systemworkbench/plugins/fr.ac6.mcu.externaltools.arm-none.win32_1.17.0.201812190825/tools/compiler/bin/../lib/gcc/arm-none-eabi/7.3.1/thumb/v6-m\libgcc.a(_dvmd_tls.o)
                0x080003f0                __aeabi_idiv0
                0x080003f0                __aeabi_ldiv0
 .text          0x080003f4       0x7c c:/ac6/systemworkbench/plugins/fr.ac6.mcu.externaltools.arm-none.win32_1.17.0.201812190825/tools/compiler/bin/../lib/gcc/arm-none-eabi/7.3.1/thumb/v6-m\libgcc.a(_arm_cmpdf2.o)
                0x080003f4                __aeabi_cdrcmple
                0x08000404                __aeabi_cdcmple
                0x08000404                __aeabi_cdcmpeq
                0x08000414                __aeabi_dcmpeq
                0x08000420                __aeabi_dcmplt
                0x08000434                __aeabi_dcmple
                0x08000448                __aeabi_dcmpgt
                0x0800045c                __aeabi_dcmpge
 .text          0x08000470       0x40 c:/ac6/systemworkbench/plugins/fr.ac6.mcu.externaltools.arm-none.win32_1.17.0.201812190825/tools/compiler/bin/../lib/gcc/arm-none-eabi/7.3.1/thumb/v6-m\libgcc.a(_aeabi_uldivmod.o)
                0x08000470                __aeabi_uldivmod
 .text          0x080004b0       0x3c c:/ac6/systemworkbench/plugins/fr.ac6.mcu.externaltools.arm-none.win32_1.17.0.201812190825/tools/compiler/bin/../lib/gcc/arm-none-eabi/7.3.1/thumb/v6-m\libgcc.a(_fixunsdfsi.o)
                0x080004b0                __aeabi_d2uiz
                0x080004b0                __fixunsdfsi
 .text          0x080004ec      0x184 c:/ac6/systemworkbench/plugins/fr.ac6.mcu.externaltools.arm-none.win32_1.17.0.201812190825/tools/compiler/bin/../lib/gcc/arm-none-eabi/7.3.1/thumb/v6-m\libgcc.a(_udivmoddi4.o)
                0x080004ec                __udivmoddi4
 .text          0x08000670      0x638 c:/ac6/systemworkbench/plugins/fr.ac6.mcu.externaltools.arm-none.win32_1.17.0.201812190825/tools/compiler/bin/../lib/gcc/arm-none-eabi/7.3.1/thumb/v6-m\libgcc.a(adddf3.o)
                0x08000670                __aeabi_dadd
 .text          0x08000ca8      0x604 c:/ac6/systemworkbench/plugins/fr.ac6.mcu.externaltools.arm-none.win32_1.17.0.201812190825/tools/compiler/bin/../lib/gcc/arm-none-eabi/7.3.1/thumb/v6-m\libgcc.a(divdf3.o)
                0x08000ca8                __aeabi_ddiv
 .text          0x080012ac       0x78 c:/ac6/systemworkbench/plugins/fr.ac6.mcu.externaltools.arm-none.win32_1.17.0.201812190825/tools/compiler/bin/../lib/gcc/arm-none-eabi/7.3.1/thumb/v6-m\libgcc.a(eqdf2.o)
                0x080012ac                __nedf2
                0x080012ac                __eqdf2
 .text          0x08001324       0xc8 c:/ac6/systemworkbench/plugins/fr.ac6.mcu.externaltools.arm-none.win32_1.17.0.201812190825/tools/compiler/bin/../lib/gcc/arm-none-eabi/7.3.1/thumb/v6-m\libgcc.a(gedf2.o)
                0x08001324                __gedf2
                0x08001324                __gtdf2
 .text          0x080013ec       0xd0 c:/ac6/systemworkbench/plugins/fr.ac6.mcu.externaltools.arm-none.win32_1.17.0.201812190825/tools/compiler/bin/../lib/gcc/arm-none-eabi/7.3.1/thumb/v6-m\libgcc.a(ledf2.o)
                0x080013ec                __ledf2
                0x080013ec                __ltdf2
 .text          0x080014bc      0x4e4 c:/ac6/systemworkbench/plugins/fr.ac6.mcu.externaltools.arm-none.win32_1.17.0.201812190825/tools/compiler/bin/../lib/gcc/arm-none-eabi/7.3.1/thumb/v6-m\libgcc.a(muldf3.o)
                0x080014bc                __aeabi_dmul
 .text          0x080019a0      0x690 c:/ac6/systemworkbench/plugins/fr.ac6.mcu.externaltools.arm-none.win32_1.17.0.201812190825/tools/compiler/bin/../lib/gcc/arm-none-eabi/7.3.1/thumb/v6-m\libgcc.a(subdf3.o)
                0x080019a0                __aeabi_dsub
 .text          0x08002030       0x6c c:/ac6/systemworkbench/plugins/fr.ac6.mcu.externaltools.arm-none.win32_1.17.0.201812190825/tools/compiler/bin/../lib/gcc/arm-none-eabi/7.3.1/thumb/v6-m\libgcc.a(fixdfsi.o)
                0x08002030                __aeabi_d2iz
 .text          0x0800209c       0x74 c:/ac6/systemworkbench/plugins/fr.ac6.mcu.externaltools.arm-none.win32_1.17.0.201812190825/tools/compiler/bin/../lib/gcc/arm-none-eabi/7.3.1/thumb/v6-m\libgcc.a(floatsidf.o)
                0x0800209c                __aeabi_i2d
 .text          0x08002110       0x64 c:/ac6/systemworkbench/plugins/fr.ac6.mcu.externaltools.arm-none.win32_1.17.0.201812190825/tools/compiler/bin/../lib/gcc/arm-none-eabi/7.3.1/thumb/v6-m\libgcc.a(floatunsidf.o)
                0x08002110                __aeabi_ui2d
 .text          0x08002174       0x3c c:/ac6/systemworkbench/plugins/fr.ac6.mcu.externaltools.arm-none.win32_1.17.0.201812190825/tools/compiler/bin/../lib/gcc/arm-none-eabi/7.3.1/thumb/v6-m\libgcc.a(_clzsi2.o)
                0x08002174                __clzsi2
 .text          0x080021b0       0x18 c:/ac6/systemworkbench/plugins/fr.ac6.mcu.externaltools.arm-none.win32_1.17.0.201812190825/tools/compiler/bin/../lib/gcc/arm-none-eabi/7.3.1/thumb/v6-m\libgcc.a(_clzdi2.o)
                0x080021b0                __clzdi2
 *(.text*)
 .text.Reset_Handler
                0x080021c8       0x50 Application/SW4STM32/startup_stm32l072xx.o
                0x080021c8                Reset_Handler
 .text.Default_Handler
                0x08002218        0x2 Application/SW4STM32/startup_stm32l072xx.o
                0x08002218                TSC_IRQHandler
                0x08002218                ADC1_COMP_IRQHandler
                0x08002218                PVD_IRQHandler
                0x08002218                I2C1_IRQHandler
                0x08002218                RCC_CRS_IRQHandler
                0x08002218                SPI1_IRQHandler
                0x08002218                TIM6_DAC_IRQHandler
                0x08002218                I2C2_IRQHandler
                0x08002218                TIM3_IRQHandler
                0x08002218                DMA1_Channel1_IRQHandler
                0x08002218                USART4_5_IRQHandler
                0x08002218                Default_Handler
                0x08002218                TIM22_IRQHandler
                0x08002218                TIM7_IRQHandler
                0x08002218                USB_IRQHandler
                0x08002218                I2C3_IRQHandler
                0x08002218                SPI2_IRQHandler
                0x08002218                TIM21_IRQHandler
                0x08002218                WWDG_IRQHandler
                0x08002218                TIM2_IRQHandler
                0x08002218                DMA1_Channel2_3_IRQHandler
                0x08002218                FLASH_IRQHandler
                0x08002218                USART1_IRQHandler
                0x08002218                RNG_LPUART1_IRQHandler
                0x08002218                LPTIM1_IRQHandler
 *fill*         0x0800221a        0x2 
 .text.BSP_LED_Init
                0x0800221c       0xdc Drivers/BSP/B_L072Z_LRWAN1/b-l072z-lrwan1.o
                0x0800221c                BSP_LED_Init
 .text.BSP_LED_Off
                0x080022f8       0x38 Drivers/BSP/B_L072Z_LRWAN1/b-l072z-lrwan1.o
                0x080022f8                BSP_LED_Off
 .text.BSP_LED_Toggle
                0x08002330       0x38 Drivers/BSP/B_L072Z_LRWAN1/b-l072z-lrwan1.o
                0x08002330                BSP_LED_Toggle
 .text.SX1276GetWakeTime
                0x08002368        0xc Drivers/BSP/CMWX1ZZABZ-0xx/mlm32l07x01.o
                0x08002368                SX1276GetWakeTime
 .text.SX1276SetXO
                0x08002374       0x44 Drivers/BSP/CMWX1ZZABZ-0xx/mlm32l07x01.o
                0x08002374                SX1276SetXO
 .text.SX1276IoInit
                0x080023b8       0x94 Drivers/BSP/CMWX1ZZABZ-0xx/mlm32l07x01.o
                0x080023b8                SX1276IoInit
 .text.SX1276IoIrqInit
                0x0800244c       0x5c Drivers/BSP/CMWX1ZZABZ-0xx/mlm32l07x01.o
                0x0800244c                SX1276IoIrqInit
 .text.SX1276IoDeInit
                0x080024a8       0x68 Drivers/BSP/CMWX1ZZABZ-0xx/mlm32l07x01.o
                0x080024a8                SX1276IoDeInit
 .text.SX1276SetRfTxPower
                0x08002510      0x1a6 Drivers/BSP/CMWX1ZZABZ-0xx/mlm32l07x01.o
                0x08002510                SX1276SetRfTxPower
 .text.SX1276GetPaSelect
                0x080026b6       0x22 Drivers/BSP/CMWX1ZZABZ-0xx/mlm32l07x01.o
                0x080026b6                SX1276GetPaSelect
 .text.SX1276SetAntSwLowPower
                0x080026d8       0x2c Drivers/BSP/CMWX1ZZABZ-0xx/mlm32l07x01.o
                0x080026d8                SX1276SetAntSwLowPower
 .text.SX1276AntSwInit
                0x08002704       0x80 Drivers/BSP/CMWX1ZZABZ-0xx/mlm32l07x01.o
 .text.SX1276AntSwDeInit
                0x08002784       0x80 Drivers/BSP/CMWX1ZZABZ-0xx/mlm32l07x01.o
 .text.SX1276SetAntSw
                0x08002804       0x78 Drivers/BSP/CMWX1ZZABZ-0xx/mlm32l07x01.o
                0x08002804                SX1276SetAntSw
 .text.SX1276CheckRfFrequency
                0x0800287c       0x12 Drivers/BSP/CMWX1ZZABZ-0xx/mlm32l07x01.o
                0x0800287c                SX1276CheckRfFrequency
 *fill*         0x0800288e        0x2 
 .text.SX1276BoardInit
                0x08002890       0x1c Drivers/BSP/Components/sx1276.o
                0x08002890                SX1276BoardInit
 .text.SX1276Init
                0x080028ac       0xfc Drivers/BSP/Components/sx1276.o
                0x080028ac                SX1276Init
 .text.SX1276GetStatus
                0x080029a8       0x14 Drivers/BSP/Components/sx1276.o
                0x080029a8                SX1276GetStatus
 .text.SX1276SetChannel
                0x080029bc       0x8c Drivers/BSP/Components/sx1276.o
                0x080029bc                SX1276SetChannel
 .text.SX1276IsChannelFree
                0x08002a48       0xaa Drivers/BSP/Components/sx1276.o
                0x08002a48                SX1276IsChannelFree
 .text.SX1276Random
                0x08002af2       0x68 Drivers/BSP/Components/sx1276.o
                0x08002af2                SX1276Random
 *fill*         0x08002b5a        0x2 
 .text.RxChainCalibration
                0x08002b5c       0xf8 Drivers/BSP/Components/sx1276.o
                0x08002b5c                RxChainCalibration
 .text.GetFskBandwidthRegValue
                0x08002c54       0x70 Drivers/BSP/Components/sx1276.o
 .text.SX1276SetRxConfig
                0x08002cc4      0x538 Drivers/BSP/Components/sx1276.o
                0x08002cc4                SX1276SetRxConfig
 .text.SX1276SetTxConfig
                0x080031fc      0x400 Drivers/BSP/Components/sx1276.o
                0x080031fc                SX1276SetTxConfig
 .text.SX1276GetTimeOnAir
                0x080035fc      0x324 Drivers/BSP/Components/sx1276.o
                0x080035fc                SX1276GetTimeOnAir
 .text.SX1276Send
                0x08003920      0x180 Drivers/BSP/Components/sx1276.o
                0x08003920                SX1276Send
 .text.SX1276SetSleep
                0x08003aa0       0x34 Drivers/BSP/Components/sx1276.o
                0x08003aa0                SX1276SetSleep
 .text.SX1276SetStby
                0x08003ad4       0x34 Drivers/BSP/Components/sx1276.o
                0x08003ad4                SX1276SetStby
 .text.SX1276SetRx
                0x08003b08      0x320 Drivers/BSP/Components/sx1276.o
                0x08003b08                SX1276SetRx
 .text.SX1276SetTx
                0x08003e28       0xf4 Drivers/BSP/Components/sx1276.o
                0x08003e28                SX1276SetTx
 .text.SX1276StartCad
                0x08003f1c       0x50 Drivers/BSP/Components/sx1276.o
                0x08003f1c                SX1276StartCad
 .text.SX1276SetTxContinuousWave
                0x08003f6c       0xc4 Drivers/BSP/Components/sx1276.o
                0x08003f6c                SX1276SetTxContinuousWave
 .text.SX1276ReadRssi
                0x08004030       0x98 Drivers/BSP/Components/sx1276.o
                0x08004030                SX1276ReadRssi
 .text.SX1276Reset
                0x080040c8       0x68 Drivers/BSP/Components/sx1276.o
                0x080040c8                SX1276Reset
 .text.SX1276SetOpMode
                0x08004130       0xa0 Drivers/BSP/Components/sx1276.o
                0x08004130                SX1276SetOpMode
 .text.SX1276SetModem
                0x080041d0       0xb0 Drivers/BSP/Components/sx1276.o
                0x080041d0                SX1276SetModem
 .text.SX1276Write
                0x08004280       0x28 Drivers/BSP/Components/sx1276.o
                0x08004280                SX1276Write
 .text.SX1276Read
                0x080042a8       0x28 Drivers/BSP/Components/sx1276.o
                0x080042a8                SX1276Read
 .text.SX1276WriteBuffer
                0x080042d0       0x84 Drivers/BSP/Components/sx1276.o
                0x080042d0                SX1276WriteBuffer
 .text.SX1276ReadBuffer
                0x08004354       0x88 Drivers/BSP/Components/sx1276.o
                0x08004354                SX1276ReadBuffer
 .text.SX1276WriteFifo
                0x080043dc       0x24 Drivers/BSP/Components/sx1276.o
                0x080043dc                SX1276WriteFifo
 .text.SX1276ReadFifo
                0x08004400       0x24 Drivers/BSP/Components/sx1276.o
                0x08004400                SX1276ReadFifo
 .text.SX1276SetMaxPayloadLength
                0x08004424       0x64 Drivers/BSP/Components/sx1276.o
                0x08004424                SX1276SetMaxPayloadLength
 .text.SX1276SetPublicNetwork
                0x08004488       0x44 Drivers/BSP/Components/sx1276.o
                0x08004488                SX1276SetPublicNetwork
 .text.SX1276GetWakeupTime
                0x080044cc       0x1c Drivers/BSP/Components/sx1276.o
                0x080044cc                SX1276GetWakeupTime
 .text.SX1276OnTimeoutIrq
                0x080044e8      0x160 Drivers/BSP/Components/sx1276.o
                0x080044e8                SX1276OnTimeoutIrq
 .text.SX1276OnDio0Irq
                0x08004648      0x45c Drivers/BSP/Components/sx1276.o
                0x08004648                SX1276OnDio0Irq
 .text.SX1276OnDio1Irq
                0x08004aa4      0x1a4 Drivers/BSP/Components/sx1276.o
                0x08004aa4                SX1276OnDio1Irq
 .text.SX1276OnDio2Irq
                0x08004c48      0x18c Drivers/BSP/Components/sx1276.o
                0x08004c48                SX1276OnDio2Irq
 .text.SX1276OnDio3Irq
                0x08004dd4       0x8c Drivers/BSP/Components/sx1276.o
                0x08004dd4                SX1276OnDio3Irq
 .text.SX1276OnDio4Irq
                0x08004e60       0x3c Drivers/BSP/Components/sx1276.o
                0x08004e60                SX1276OnDio4Irq
 .text.SystemInit
                0x08004e9c       0x7c Drivers/CMSIS/system_stm32l0xx.o
                0x08004e9c                SystemInit
 .text.HAL_Init
                0x08004f18       0x28 Drivers/STM32L0xx_HAL_Driver/stm32l0xx_hal.o
                0x08004f18                HAL_Init
 .text.HAL_IncTick
                0x08004f40       0x18 Drivers/STM32L0xx_HAL_Driver/stm32l0xx_hal.o
                0x08004f40                HAL_IncTick
 .text.HAL_GetTick
                0x08004f58       0x14 Drivers/STM32L0xx_HAL_Driver/stm32l0xx_hal.o
                0x08004f58                HAL_GetTick
 .text.HAL_DBGMCU_DisableDBGSleepMode
                0x08004f6c       0x1c Drivers/STM32L0xx_HAL_Driver/stm32l0xx_hal.o
                0x08004f6c                HAL_DBGMCU_DisableDBGSleepMode
 .text.HAL_DBGMCU_DisableDBGStopMode
                0x08004f88       0x1c Drivers/STM32L0xx_HAL_Driver/stm32l0xx_hal.o
                0x08004f88                HAL_DBGMCU_DisableDBGStopMode
 .text.HAL_DBGMCU_DisableDBGStandbyMode
                0x08004fa4       0x1c Drivers/STM32L0xx_HAL_Driver/stm32l0xx_hal.o
                0x08004fa4                HAL_DBGMCU_DisableDBGStandbyMode
 .text.HAL_ADC_Init
                0x08004fc0      0x2dc Drivers/STM32L0xx_HAL_Driver/stm32l0xx_hal_adc.o
                0x08004fc0                HAL_ADC_Init
 .text.HAL_ADC_MspInit
                0x0800529c       0x10 Drivers/STM32L0xx_HAL_Driver/stm32l0xx_hal_adc.o
                0x0800529c                HAL_ADC_MspInit
 .text.__NVIC_EnableIRQ
                0x080052ac       0x34 Drivers/STM32L0xx_HAL_Driver/stm32l0xx_hal_cortex.o
 .text.__NVIC_SetPriority
                0x080052e0       0xdc Drivers/STM32L0xx_HAL_Driver/stm32l0xx_hal_cortex.o
 .text.HAL_NVIC_SetPriority
                0x080053bc       0x2a Drivers/STM32L0xx_HAL_Driver/stm32l0xx_hal_cortex.o
                0x080053bc                HAL_NVIC_SetPriority
 .text.HAL_NVIC_EnableIRQ
                0x080053e6       0x20 Drivers/STM32L0xx_HAL_Driver/stm32l0xx_hal_cortex.o
                0x080053e6                HAL_NVIC_EnableIRQ
 *fill*         0x08005406        0x2 
 .text.HAL_DMA_Init
                0x08005408      0x1d8 Drivers/STM32L0xx_HAL_Driver/stm32l0xx_hal_dma.o
                0x08005408                HAL_DMA_Init
 .text.HAL_DMA_Start_IT
                0x080055e0       0x92 Drivers/STM32L0xx_HAL_Driver/stm32l0xx_hal_dma.o
                0x080055e0                HAL_DMA_Start_IT
 *fill*         0x08005672        0x2 
 .text.HAL_DMA_Abort_IT
                0x08005674       0xfc Drivers/STM32L0xx_HAL_Driver/stm32l0xx_hal_dma.o
                0x08005674                HAL_DMA_Abort_IT
 .text.HAL_DMA_IRQHandler
                0x08005770      0x38c Drivers/STM32L0xx_HAL_Driver/stm32l0xx_hal_dma.o
                0x08005770                HAL_DMA_IRQHandler
 .text.DMA_SetConfig
                0x08005afc       0x48 Drivers/STM32L0xx_HAL_Driver/stm32l0xx_hal_dma.o
 .text.HAL_GPIO_Init
                0x08005b44      0x2fc Drivers/STM32L0xx_HAL_Driver/stm32l0xx_hal_gpio.o
                0x08005b44                HAL_GPIO_Init
 .text.HAL_GPIO_WritePin
                0x08005e40       0x3a Drivers/STM32L0xx_HAL_Driver/stm32l0xx_hal_gpio.o
                0x08005e40                HAL_GPIO_WritePin
 .text.HAL_GPIO_TogglePin
                0x08005e7a       0x24 Drivers/STM32L0xx_HAL_Driver/stm32l0xx_hal_gpio.o
                0x08005e7a                HAL_GPIO_TogglePin
 *fill*         0x08005e9e        0x2 
 .text.HAL_GPIO_EXTI_IRQHandler
                0x08005ea0       0x38 Drivers/STM32L0xx_HAL_Driver/stm32l0xx_hal_gpio.o
                0x08005ea0                HAL_GPIO_EXTI_IRQHandler
 .text.HAL_PWR_DisablePVD
                0x08005ed8       0x1c Drivers/STM32L0xx_HAL_Driver/stm32l0xx_hal_pwr.o
                0x08005ed8                HAL_PWR_DisablePVD
 .text.HAL_PWR_EnterSLEEPMode
                0x08005ef4       0x5c Drivers/STM32L0xx_HAL_Driver/stm32l0xx_hal_pwr.o
                0x08005ef4                HAL_PWR_EnterSLEEPMode
 .text.HAL_PWR_EnterSTOPMode
                0x08005f50       0x68 Drivers/STM32L0xx_HAL_Driver/stm32l0xx_hal_pwr.o
                0x08005f50                HAL_PWR_EnterSTOPMode
 .text.HAL_PWREx_EnableFastWakeUp
                0x08005fb8       0x1c Drivers/STM32L0xx_HAL_Driver/stm32l0xx_hal_pwr_ex.o
                0x08005fb8                HAL_PWREx_EnableFastWakeUp
 .text.HAL_PWREx_EnableUltraLowPower
                0x08005fd4       0x1c Drivers/STM32L0xx_HAL_Driver/stm32l0xx_hal_pwr_ex.o
                0x08005fd4                HAL_PWREx_EnableUltraLowPower
 .text.HAL_RCC_OscConfig
                0x08005ff0      0x760 Drivers/STM32L0xx_HAL_Driver/stm32l0xx_hal_rcc.o
                0x08005ff0                HAL_RCC_OscConfig
 .text.HAL_RCC_ClockConfig
                0x08006750      0x238 Drivers/STM32L0xx_HAL_Driver/stm32l0xx_hal_rcc.o
                0x08006750                HAL_RCC_ClockConfig
 .text.HAL_RCC_GetSysClockFreq
                0x08006988      0x120 Drivers/STM32L0xx_HAL_Driver/stm32l0xx_hal_rcc.o
                0x08006988                HAL_RCC_GetSysClockFreq
 .text.HAL_RCC_GetHCLKFreq
                0x08006aa8       0x14 Drivers/STM32L0xx_HAL_Driver/stm32l0xx_hal_rcc.o
                0x08006aa8                HAL_RCC_GetHCLKFreq
 .text.HAL_RCC_GetPCLK1Freq
                0x08006abc       0x2c Drivers/STM32L0xx_HAL_Driver/stm32l0xx_hal_rcc.o
                0x08006abc                HAL_RCC_GetPCLK1Freq
 .text.HAL_RCC_GetPCLK2Freq
                0x08006ae8       0x2c Drivers/STM32L0xx_HAL_Driver/stm32l0xx_hal_rcc.o
                0x08006ae8                HAL_RCC_GetPCLK2Freq
 .text.RCC_SetFlashLatencyFromMSIRange
                0x08006b14       0xb0 Drivers/STM32L0xx_HAL_Driver/stm32l0xx_hal_rcc.o
 .text.HAL_RCCEx_PeriphCLKConfig
                0x08006bc4      0x2b0 Drivers/STM32L0xx_HAL_Driver/stm32l0xx_hal_rcc_ex.o
                0x08006bc4                HAL_RCCEx_PeriphCLKConfig
 .text.HAL_RCCEx_GetPeriphCLKFreq
                0x08006e74      0x3e0 Drivers/STM32L0xx_HAL_Driver/stm32l0xx_hal_rcc_ex.o
                0x08006e74                HAL_RCCEx_GetPeriphCLKFreq
 .text.HAL_RTC_Init
                0x08007254      0x108 Drivers/STM32L0xx_HAL_Driver/stm32l0xx_hal_rtc.o
                0x08007254                HAL_RTC_Init
 .text.HAL_RTC_SetTime
                0x0800735c      0x19c Drivers/STM32L0xx_HAL_Driver/stm32l0xx_hal_rtc.o
                0x0800735c                HAL_RTC_SetTime
 .text.HAL_RTC_GetTime
                0x080074f8       0xbc Drivers/STM32L0xx_HAL_Driver/stm32l0xx_hal_rtc.o
                0x080074f8                HAL_RTC_GetTime
 .text.HAL_RTC_SetDate
                0x080075b4      0x17c Drivers/STM32L0xx_HAL_Driver/stm32l0xx_hal_rtc.o
                0x080075b4                HAL_RTC_SetDate
 .text.HAL_RTC_GetDate
                0x08007730       0xa0 Drivers/STM32L0xx_HAL_Driver/stm32l0xx_hal_rtc.o
                0x08007730                HAL_RTC_GetDate
 .text.HAL_RTC_SetAlarm_IT
                0x080077d0      0x2e0 Drivers/STM32L0xx_HAL_Driver/stm32l0xx_hal_rtc.o
                0x080077d0                HAL_RTC_SetAlarm_IT
 .text.HAL_RTC_DeactivateAlarm
                0x08007ab0      0x144 Drivers/STM32L0xx_HAL_Driver/stm32l0xx_hal_rtc.o
                0x08007ab0                HAL_RTC_DeactivateAlarm
 .text.HAL_RTC_WaitForSynchro
                0x08007bf4       0x52 Drivers/STM32L0xx_HAL_Driver/stm32l0xx_hal_rtc.o
                0x08007bf4                HAL_RTC_WaitForSynchro
 .text.RTC_EnterInitMode
                0x08007c46       0x58 Drivers/STM32L0xx_HAL_Driver/stm32l0xx_hal_rtc.o
                0x08007c46                RTC_EnterInitMode
 .text.RTC_ByteToBcd2
                0x08007c9e       0x42 Drivers/STM32L0xx_HAL_Driver/stm32l0xx_hal_rtc.o
                0x08007c9e                RTC_ByteToBcd2
 .text.RTC_Bcd2ToByte
                0x08007ce0       0x3e Drivers/STM32L0xx_HAL_Driver/stm32l0xx_hal_rtc.o
                0x08007ce0                RTC_Bcd2ToByte
 .text.HAL_RTCEx_EnableBypassShadow
                0x08007d1e       0x68 Drivers/STM32L0xx_HAL_Driver/stm32l0xx_hal_rtc_ex.o
                0x08007d1e                HAL_RTCEx_EnableBypassShadow
 *fill*         0x08007d86        0x2 
 .text.HAL_SPI_Init
                0x08007d88       0xd8 Drivers/STM32L0xx_HAL_Driver/stm32l0xx_hal_spi.o
                0x08007d88                HAL_SPI_Init
 .text.HAL_SPI_MspInit
                0x08007e60       0x10 Drivers/STM32L0xx_HAL_Driver/stm32l0xx_hal_spi.o
                0x08007e60                HAL_SPI_MspInit
 .text.HAL_SPI_TransmitReceive
                0x08007e70      0x4f0 Drivers/STM32L0xx_HAL_Driver/stm32l0xx_hal_spi.o
                0x08007e70                HAL_SPI_TransmitReceive
 .text.SPI_WaitOnFlagUntilTimeout
                0x08008360      0x154 Drivers/STM32L0xx_HAL_Driver/stm32l0xx_hal_spi.o
 .text.HAL_UART_Init
                0x080084b4       0xb0 Drivers/STM32L0xx_HAL_Driver/stm32l0xx_hal_uart.o
                0x080084b4                HAL_UART_Init
 .text.HAL_UART_Transmit_DMA
                0x08008564      0x100 Drivers/STM32L0xx_HAL_Driver/stm32l0xx_hal_uart.o
                0x08008564                HAL_UART_Transmit_DMA
 .text.HAL_UART_IRQHandler
                0x08008664      0x22c Drivers/STM32L0xx_HAL_Driver/stm32l0xx_hal_uart.o
                0x08008664                HAL_UART_IRQHandler
 .text.HAL_UART_TxHalfCpltCallback
                0x08008890       0x10 Drivers/STM32L0xx_HAL_Driver/stm32l0xx_hal_uart.o
                0x08008890                HAL_UART_TxHalfCpltCallback
 .text.HAL_UART_RxCpltCallback
                0x080088a0       0x10 Drivers/STM32L0xx_HAL_Driver/stm32l0xx_hal_uart.o
                0x080088a0                HAL_UART_RxCpltCallback
 .text.HAL_UART_ErrorCallback
                0x080088b0       0x10 Drivers/STM32L0xx_HAL_Driver/stm32l0xx_hal_uart.o
                0x080088b0                HAL_UART_ErrorCallback
 .text.UART_SetConfig
                0x080088c0      0x688 Drivers/STM32L0xx_HAL_Driver/stm32l0xx_hal_uart.o
                0x080088c0                UART_SetConfig
 .text.UART_AdvFeatureConfig
                0x08008f48      0x168 Drivers/STM32L0xx_HAL_Driver/stm32l0xx_hal_uart.o
                0x08008f48                UART_AdvFeatureConfig
 .text.UART_CheckIdleState
                0x080090b0       0x94 Drivers/STM32L0xx_HAL_Driver/stm32l0xx_hal_uart.o
                0x080090b0                UART_CheckIdleState
 .text.UART_WaitOnFlagUntilTimeout
                0x08009144       0x98 Drivers/STM32L0xx_HAL_Driver/stm32l0xx_hal_uart.o
                0x08009144                UART_WaitOnFlagUntilTimeout
 .text.UART_EndTxTransfer
                0x080091dc       0x28 Drivers/STM32L0xx_HAL_Driver/stm32l0xx_hal_uart.o
 .text.UART_EndRxTransfer
                0x08009204       0x3c Drivers/STM32L0xx_HAL_Driver/stm32l0xx_hal_uart.o
 .text.UART_DMATransmitCplt
                0x08009240       0x54 Drivers/STM32L0xx_HAL_Driver/stm32l0xx_hal_uart.o
 .text.UART_DMATxHalfCplt
                0x08009294       0x1e Drivers/STM32L0xx_HAL_Driver/stm32l0xx_hal_uart.o
 .text.UART_DMAError
                0x080092b2       0x7a Drivers/STM32L0xx_HAL_Driver/stm32l0xx_hal_uart.o
 .text.UART_DMAAbortOnError
                0x0800932c       0x2e Drivers/STM32L0xx_HAL_Driver/stm32l0xx_hal_uart.o
 .text.UART_Transmit_IT
                0x0800935a       0xac Drivers/STM32L0xx_HAL_Driver/stm32l0xx_hal_uart.o
 .text.UART_EndTransmit_IT
                0x08009406       0x32 Drivers/STM32L0xx_HAL_Driver/stm32l0xx_hal_uart.o
 .text.UART_Receive_IT
                0x08009438       0xf8 Drivers/STM32L0xx_HAL_Driver/stm32l0xx_hal_uart.o
 .text.HAL_UARTEx_WakeupCallback
                0x08009530       0x10 Drivers/STM32L0xx_HAL_Driver/stm32l0xx_hal_uart_ex.o
                0x08009530                HAL_UARTEx_WakeupCallback
 .text.LPM_SetOffMode
                0x08009540       0x64 Middlewares/LoRaWAN/Utilities/low_power_manager.o
                0x08009540                LPM_SetOffMode
 .text.LPM_SetStopMode
                0x080095a4       0x64 Middlewares/LoRaWAN/Utilities/low_power_manager.o
                0x080095a4                LPM_SetStopMode
 .text.LPM_EnterLowPower
                0x08009608       0x40 Middlewares/LoRaWAN/Utilities/low_power_manager.o
                0x08009608                LPM_EnterLowPower
 .text.LPM_GetMode
                0x08009648       0x60 Middlewares/LoRaWAN/Utilities/low_power_manager.o
                0x08009648                LPM_GetMode
 .text.LPM_ExitSleepMode
                0x080096a8        0xa Middlewares/LoRaWAN/Utilities/low_power_manager.o
                0x080096a8                LPM_ExitSleepMode
 .text.LPM_EnterOffMode
                0x080096b2        0xa Middlewares/LoRaWAN/Utilities/low_power_manager.o
                0x080096b2                LPM_EnterOffMode
 .text.LPM_ExitOffMode
                0x080096bc        0xa Middlewares/LoRaWAN/Utilities/low_power_manager.o
                0x080096bc                LPM_ExitOffMode
 .text.circular_queue_init
                0x080096c6       0x3c Middlewares/LoRaWAN/Utilities/queue.o
                0x080096c6                circular_queue_init
 .text.circular_queue_add
                0x08009702      0x18a Middlewares/LoRaWAN/Utilities/queue.o
                0x08009702                circular_queue_add
 .text.circular_queue_get
                0x0800988c       0xb4 Middlewares/LoRaWAN/Utilities/queue.o
                0x0800988c                circular_queue_get
 .text.circular_queue_remove
                0x08009940       0xc0 Middlewares/LoRaWAN/Utilities/queue.o
                0x08009940                circular_queue_remove
 .text.circular_queue_sense
                0x08009a00       0x26 Middlewares/LoRaWAN/Utilities/queue.o
                0x08009a00                circular_queue_sense
 .text.circular_queue_get_free_size
                0x08009a26       0x62 Middlewares/LoRaWAN/Utilities/queue.o
 .text.queue_copy
                0x08009a88       0x36 Middlewares/LoRaWAN/Utilities/queue.o
 .text.add_elementSize_and_inc_writeIdx
                0x08009abe       0x72 Middlewares/LoRaWAN/Utilities/queue.o
 .text.TimerInit
                0x08009b30       0x3c Middlewares/LoRaWAN/Utilities/timeServer.o
                0x08009b30                TimerInit
 .text.TimerStart
                0x08009b6c       0xa8 Middlewares/LoRaWAN/Utilities/timeServer.o
                0x08009b6c                TimerStart
 .text.TimerIrqHandler
                0x08009c14      0x108 Middlewares/LoRaWAN/Utilities/timeServer.o
                0x08009c14                TimerIrqHandler
 .text.TimerStop
                0x08009d1c       0xf4 Middlewares/LoRaWAN/Utilities/timeServer.o
                0x08009d1c                TimerStop
 .text.TimerSetValue
                0x08009e10       0x4a Middlewares/LoRaWAN/Utilities/timeServer.o
                0x08009e10                TimerSetValue
 .text.TimerGetCurrentTime
                0x08009e5a       0x20 Middlewares/LoRaWAN/Utilities/timeServer.o
                0x08009e5a                TimerGetCurrentTime
 .text.TimerGetElapsedTime
                0x08009e7a       0x32 Middlewares/LoRaWAN/Utilities/timeServer.o
                0x08009e7a                TimerGetElapsedTime
 .text.TimerExists
                0x08009eac       0x38 Middlewares/LoRaWAN/Utilities/timeServer.o
 .text.TimerSetTimeout
                0x08009ee4       0x48 Middlewares/LoRaWAN/Utilities/timeServer.o
 .text.TimerInsertTimer
                0x08009f2c       0x5c Middlewares/LoRaWAN/Utilities/timeServer.o
 .text.TimerInsertNewHeadTimer
                0x08009f88       0x3c Middlewares/LoRaWAN/Utilities/timeServer.o
 .text.TraceInit
                0x08009fc4       0x2c Middlewares/LoRaWAN/Utilities/trace.o
                0x08009fc4                TraceInit
 .text.TraceSend
                0x08009ff0      0x114 Middlewares/LoRaWAN/Utilities/trace.o
                0x08009ff0                TraceSend
 .text.Trace_TxCpltCallback
                0x0800a104       0x7c Middlewares/LoRaWAN/Utilities/trace.o
 .text.memcpy1  0x0800a180       0x36 Middlewares/LoRaWAN/Utilities/utilities.o
                0x0800a180                memcpy1
 *fill*         0x0800a1b6        0x2 
 .text.DBG_Init
                0x0800a1b8       0x90 Projects/PingPong/debug.o
                0x0800a1b8                DBG_Init
 .text.Error_Handler
                0x0800a248       0x14 Projects/PingPong/debug.o
                0x0800a248                Error_Handler
 .text.HW_GPIO_Init
                0x0800a25c       0xe8 Projects/PingPong/hw_gpio.o
                0x0800a25c                HW_GPIO_Init
 .text.HW_GPIO_SetIrq
                0x0800a344       0x7c Projects/PingPong/hw_gpio.o
                0x0800a344                HW_GPIO_SetIrq
 .text.HW_GPIO_IrqHandler
                0x0800a3c0       0x40 Projects/PingPong/hw_gpio.o
                0x0800a3c0                HW_GPIO_IrqHandler
 .text.HW_GPIO_Write
                0x0800a400       0x2a Projects/PingPong/hw_gpio.o
                0x0800a400                HW_GPIO_Write
 *fill*         0x0800a42a        0x2 
 .text.HW_GPIO_GetBitPos
                0x0800a42c       0x90 Projects/PingPong/hw_gpio.o
 .text.HW_RTC_Init
                0x0800a4bc       0x30 Projects/PingPong/hw_rtc.o
                0x0800a4bc                HW_RTC_Init
 .text.HW_RTC_SetConfig
                0x0800a4ec       0xb0 Projects/PingPong/hw_rtc.o
 .text.HW_RTC_GetMinimumTimeout
                0x0800a59c        0xc Projects/PingPong/hw_rtc.o
                0x0800a59c                HW_RTC_GetMinimumTimeout
 .text.HW_RTC_ms2Tick
                0x0800a5a8       0x30 Projects/PingPong/hw_rtc.o
                0x0800a5a8                HW_RTC_ms2Tick
 .text.HW_RTC_Tick2ms
                0x0800a5d8       0x40 Projects/PingPong/hw_rtc.o
                0x0800a5d8                HW_RTC_Tick2ms
 .text.HW_RTC_SetAlarm
                0x0800a618       0x60 Projects/PingPong/hw_rtc.o
                0x0800a618                HW_RTC_SetAlarm
 .text.HW_RTC_GetTimerElapsedTime
                0x0800a678       0x30 Projects/PingPong/hw_rtc.o
                0x0800a678                HW_RTC_GetTimerElapsedTime
 .text.HW_RTC_GetTimerValue
                0x0800a6a8       0x24 Projects/PingPong/hw_rtc.o
                0x0800a6a8                HW_RTC_GetTimerValue
 .text.HW_RTC_StopAlarm
                0x0800a6cc       0x40 Projects/PingPong/hw_rtc.o
                0x0800a6cc                HW_RTC_StopAlarm
 .text.HW_RTC_IrqHandler
                0x0800a70c       0x68 Projects/PingPong/hw_rtc.o
                0x0800a70c                HW_RTC_IrqHandler
 .text.HW_RTC_DelayMs
                0x0800a774       0x40 Projects/PingPong/hw_rtc.o
                0x0800a774                HW_RTC_DelayMs
 .text.HW_RTC_SetTimerContext
                0x0800a7b4       0x30 Projects/PingPong/hw_rtc.o
                0x0800a7b4                HW_RTC_SetTimerContext
 .text.HW_RTC_GetTimerContext
                0x0800a7e4       0x14 Projects/PingPong/hw_rtc.o
                0x0800a7e4                HW_RTC_GetTimerContext
 .text.HW_RTC_SetAlarmConfig
                0x0800a7f8       0x1c Projects/PingPong/hw_rtc.o
 .text.HW_RTC_StartWakeUpAlarm
                0x0800a814      0x2d8 Projects/PingPong/hw_rtc.o
 .text.HW_RTC_GetCalendarValue
                0x0800aaec      0x14c Projects/PingPong/hw_rtc.o
 .text.HW_SPI_Init
                0x0800ac38       0x8c Projects/PingPong/hw_spi.o
                0x0800ac38                HW_SPI_Init
 .text.HW_SPI_IoInit
                0x0800acc4       0x8c Projects/PingPong/hw_spi.o
                0x0800acc4                HW_SPI_IoInit
 .text.HW_SPI_InOut
                0x0800ad50       0x30 Projects/PingPong/hw_spi.o
                0x0800ad50                HW_SPI_InOut
 .text.SpiFrequency
                0x0800ad80       0x70 Projects/PingPong/hw_spi.o
 .text.main     0x0800adf0      0x39c Projects/PingPong/main.o
                0x0800adf0                main
 .text.OnTxDone
                0x0800b18c       0x2c Projects/PingPong/main.o
                0x0800b18c                OnTxDone
 .text.OnRxDone
                0x0800b1b8       0xa0 Projects/PingPong/main.o
                0x0800b1b8                OnRxDone
 .text.OnTxTimeout
                0x0800b258       0x2c Projects/PingPong/main.o
                0x0800b258                OnTxTimeout
 .text.OnRxTimeout
                0x0800b284       0x2c Projects/PingPong/main.o
                0x0800b284                OnRxTimeout
 .text.OnRxError
                0x0800b2b0       0x2c Projects/PingPong/main.o
                0x0800b2b0                OnRxError
 .text.OnledEvent
                0x0800b2dc       0x34 Projects/PingPong/main.o
 .text.HAL_InitTick
                0x0800b310       0x12 Projects/PingPong/mlm32l0xx_hal_msp.o
                0x0800b310                HAL_InitTick
 .text.HAL_Delay
                0x0800b322       0x18 Projects/PingPong/mlm32l0xx_hal_msp.o
                0x0800b322                HAL_Delay
 *fill*         0x0800b33a        0x2 
 .text.HAL_MspInit
                0x0800b33c       0x3c Projects/PingPong/mlm32l0xx_hal_msp.o
                0x0800b33c                HAL_MspInit
 .text.HAL_RTC_MspInit
                0x0800b378       0x78 Projects/PingPong/mlm32l0xx_hal_msp.o
                0x0800b378                HAL_RTC_MspInit
 .text.HAL_RTC_AlarmAEventCallback
                0x0800b3f0       0x14 Projects/PingPong/mlm32l0xx_hal_msp.o
                0x0800b3f0                HAL_RTC_AlarmAEventCallback
 .text.HAL_GPIO_EXTI_Callback
                0x0800b404       0x1e Projects/PingPong/mlm32l0xx_hal_msp.o
                0x0800b404                HAL_GPIO_EXTI_Callback
 .text.MSP_GetIRQn
                0x0800b422       0x36 Projects/PingPong/mlm32l0xx_hal_msp.o
                0x0800b422                MSP_GetIRQn
 .text.HW_Init  0x0800b458       0x54 Projects/PingPong/mlm32l0xx_hw.o
                0x0800b458                HW_Init
 .text.HW_IoInit
                0x0800b4ac       0x1c Projects/PingPong/mlm32l0xx_hw.o
 .text.HW_IoDeInit
                0x0800b4c8       0x74 Projects/PingPong/mlm32l0xx_hw.o
 .text.HW_GpioInit
                0x0800b53c      0x110 Projects/PingPong/mlm32l0xx_hw.o
                0x0800b53c                HW_GpioInit
 .text.SystemClock_Config
                0x0800b64c       0xdc Projects/PingPong/mlm32l0xx_hw.o
                0x0800b64c                SystemClock_Config
 .text.HW_AdcInit
                0x0800b728       0xa0 Projects/PingPong/mlm32l0xx_hw.o
                0x0800b728                HW_AdcInit
 .text.LPM_EnterStopMode
                0x0800b7c8       0x40 Projects/PingPong/mlm32l0xx_hw.o
                0x0800b7c8                LPM_EnterStopMode
 .text.LPM_ExitStopMode
                0x0800b808       0x7c Projects/PingPong/mlm32l0xx_hw.o
                0x0800b808                LPM_ExitStopMode
 .text.LPM_EnterSleepMode
                0x0800b884       0x12 Projects/PingPong/mlm32l0xx_hw.o
                0x0800b884                LPM_EnterSleepMode
 .text.NMI_Handler
                0x0800b896        0xa Projects/PingPong/mlm32l0xx_it.o
                0x0800b896                NMI_Handler
 .text.HardFault_Handler
                0x0800b8a0        0x8 Projects/PingPong/mlm32l0xx_it.o
                0x0800b8a0                HardFault_Handler
 .text.SVC_Handler
                0x0800b8a8        0xa Projects/PingPong/mlm32l0xx_it.o
                0x0800b8a8                SVC_Handler
 .text.PendSV_Handler
                0x0800b8b2        0xa Projects/PingPong/mlm32l0xx_it.o
                0x0800b8b2                PendSV_Handler
 .text.SysTick_Handler
                0x0800b8bc        0xe Projects/PingPong/mlm32l0xx_it.o
                0x0800b8bc                SysTick_Handler
 .text.USART2_IRQHandler
                0x0800b8ca        0xe Projects/PingPong/mlm32l0xx_it.o
                0x0800b8ca                USART2_IRQHandler
 .text.DMA1_Channel4_5_6_7_IRQHandler
                0x0800b8d8        0xe Projects/PingPong/mlm32l0xx_it.o
                0x0800b8d8                DMA1_Channel4_5_6_7_IRQHandler
 .text.RTC_IRQHandler
                0x0800b8e6        0xe Projects/PingPong/mlm32l0xx_it.o
                0x0800b8e6                RTC_IRQHandler
 .text.EXTI0_1_IRQHandler
                0x0800b8f4       0x16 Projects/PingPong/mlm32l0xx_it.o
                0x0800b8f4                EXTI0_1_IRQHandler
 .text.EXTI2_3_IRQHandler
                0x0800b90a       0x16 Projects/PingPong/mlm32l0xx_it.o
                0x0800b90a                EXTI2_3_IRQHandler
 .text.EXTI4_15_IRQHandler
                0x0800b920       0x72 Projects/PingPong/mlm32l0xx_it.o
                0x0800b920                EXTI4_15_IRQHandler
 *fill*         0x0800b992        0x2 
 .text.vcom_Init
                0x0800b994       0x60 Projects/PingPong/vcom.o
                0x0800b994                vcom_Init
 .text.vcom_Trace
                0x0800b9f4       0x28 Projects/PingPong/vcom.o
                0x0800b9f4                vcom_Trace
 .text.HAL_UART_TxCpltCallback
                0x0800ba1c       0x1c Projects/PingPong/vcom.o
                0x0800ba1c                HAL_UART_TxCpltCallback
 .text.vcom_DMA_TX_IRQHandler
                0x0800ba38       0x18 Projects/PingPong/vcom.o
                0x0800ba38                vcom_DMA_TX_IRQHandler
 .text.vcom_IRQHandler
                0x0800ba50       0x18 Projects/PingPong/vcom.o
                0x0800ba50                vcom_IRQHandler
 .text.HAL_UART_MspInit
                0x0800ba68       0xe0 Projects/PingPong/vcom.o
                0x0800ba68                HAL_UART_MspInit
 .text.vcom_IoInit
                0x0800bb48       0x98 Projects/PingPong/vcom.o
                0x0800bb48                vcom_IoInit
 .text.vcom_IoDeInit
                0x0800bbe0       0x6c Projects/PingPong/vcom.o
                0x0800bbe0                vcom_IoDeInit
 .text.ceil     0x0800bc4c      0x128 c:/ac6/systemworkbench/plugins/fr.ac6.mcu.externaltools.arm-none.win32_1.17.0.201812190825/tools/compiler/bin/../lib/gcc/arm-none-eabi/7.3.1/../../../../arm-none-eabi/lib/thumb/v6-m\libm.a(lib_a-s_ceil.o)
                0x0800bc4c                ceil
 .text.floor    0x0800bd74      0x138 c:/ac6/systemworkbench/plugins/fr.ac6.mcu.externaltools.arm-none.win32_1.17.0.201812190825/tools/compiler/bin/../lib/gcc/arm-none-eabi/7.3.1/../../../../arm-none-eabi/lib/thumb/v6-m\libm.a(lib_a-s_floor.o)
                0x0800bd74                floor
 .text.round    0x0800beac       0xb0 c:/ac6/systemworkbench/plugins/fr.ac6.mcu.externaltools.arm-none.win32_1.17.0.201812190825/tools/compiler/bin/../lib/gcc/arm-none-eabi/7.3.1/../../../../arm-none-eabi/lib/thumb/v6-m\libm.a(lib_a-s_round.o)
                0x0800beac                round
 .text.__libc_init_array
                0x0800bf5c       0x48 c:/ac6/systemworkbench/plugins/fr.ac6.mcu.externaltools.arm-none.win32_1.17.0.201812190825/tools/compiler/bin/../lib/gcc/arm-none-eabi/7.3.1/../../../../arm-none-eabi/lib/thumb/v6-m\libc_nano.a(lib_a-init.o)
                0x0800bf5c                __libc_init_array
 .text.memcpy   0x0800bfa4       0x12 c:/ac6/systemworkbench/plugins/fr.ac6.mcu.externaltools.arm-none.win32_1.17.0.201812190825/tools/compiler/bin/../lib/gcc/arm-none-eabi/7.3.1/../../../../arm-none-eabi/lib/thumb/v6-m\libc_nano.a(lib_a-memcpy-stub.o)
                0x0800bfa4                memcpy
 .text.memset   0x0800bfb6       0x10 c:/ac6/systemworkbench/plugins/fr.ac6.mcu.externaltools.arm-none.win32_1.17.0.201812190825/tools/compiler/bin/../lib/gcc/arm-none-eabi/7.3.1/../../../../arm-none-eabi/lib/thumb/v6-m\libc_nano.a(lib_a-memset.o)
                0x0800bfb6                memset
 .text.strncmp  0x0800bfc6       0x22 c:/ac6/systemworkbench/plugins/fr.ac6.mcu.externaltools.arm-none.win32_1.17.0.201812190825/tools/compiler/bin/../lib/gcc/arm-none-eabi/7.3.1/../../../../arm-none-eabi/lib/thumb/v6-m\libc_nano.a(lib_a-strncmp.o)
                0x0800bfc6                strncmp
 .text._vsnprintf_r
                0x0800bfe8       0x56 c:/ac6/systemworkbench/plugins/fr.ac6.mcu.externaltools.arm-none.win32_1.17.0.201812190825/tools/compiler/bin/../lib/gcc/arm-none-eabi/7.3.1/../../../../arm-none-eabi/lib/thumb/v6-m\libc_nano.a(lib_a-vsnprintf.o)
                0x0800bfe8                _vsniprintf_r
                0x0800bfe8                _vsnprintf_r
 *fill*         0x0800c03e        0x2 
 .text.vsnprintf
                0x0800c040       0x18 c:/ac6/systemworkbench/plugins/fr.ac6.mcu.externaltools.arm-none.win32_1.17.0.201812190825/tools/compiler/bin/../lib/gcc/arm-none-eabi/7.3.1/../../../../arm-none-eabi/lib/thumb/v6-m\libc_nano.a(lib_a-vsnprintf.o)
                0x0800c040                vsniprintf
                0x0800c040                vsnprintf
 .text.__ssputs_r
                0x0800c058       0xc4 c:/ac6/systemworkbench/plugins/fr.ac6.mcu.externaltools.arm-none.win32_1.17.0.201812190825/tools/compiler/bin/../lib/gcc/arm-none-eabi/7.3.1/../../../../arm-none-eabi/lib/thumb/v6-m\libc_nano.a(lib_a-nano-svfprintf.o)
                0x0800c058                __ssputs_r
 .text._svfprintf_r
                0x0800c11c      0x1fc c:/ac6/systemworkbench/plugins/fr.ac6.mcu.externaltools.arm-none.win32_1.17.0.201812190825/tools/compiler/bin/../lib/gcc/arm-none-eabi/7.3.1/../../../../arm-none-eabi/lib/thumb/v6-m\libc_nano.a(lib_a-nano-svfprintf.o)
                0x0800c11c                _svfiprintf_r
                0x0800c11c                _svfprintf_r
 .text._printf_common
                0x0800c318       0xda c:/ac6/systemworkbench/plugins/fr.ac6.mcu.externaltools.arm-none.win32_1.17.0.201812190825/tools/compiler/bin/../lib/gcc/arm-none-eabi/7.3.1/../../../../arm-none-eabi/lib/thumb/v6-m\libc_nano.a(lib_a-nano-vfprintf_i.o)
                0x0800c318                _printf_common
 *fill*         0x0800c3f2        0x2 
 .text._printf_i
                0x0800c3f4      0x210 c:/ac6/systemworkbench/plugins/fr.ac6.mcu.externaltools.arm-none.win32_1.17.0.201812190825/tools/compiler/bin/../lib/gcc/arm-none-eabi/7.3.1/../../../../arm-none-eabi/lib/thumb/v6-m\libc_nano.a(lib_a-nano-vfprintf_i.o)
                0x0800c3f4                _printf_i
 .text.memchr   0x0800c604       0x16 c:/ac6/systemworkbench/plugins/fr.ac6.mcu.externaltools.arm-none.win32_1.17.0.201812190825/tools/compiler/bin/../lib/gcc/arm-none-eabi/7.3.1/../../../../arm-none-eabi/lib/thumb/v6-m\libc_nano.a(lib_a-memchr-stub.o)
                0x0800c604                memchr
 .text.memmove  0x0800c61a       0x26 c:/ac6/systemworkbench/plugins/fr.ac6.mcu.externaltools.arm-none.win32_1.17.0.201812190825/tools/compiler/bin/../lib/gcc/arm-none-eabi/7.3.1/../../../../arm-none-eabi/lib/thumb/v6-m\libc_nano.a(lib_a-memmove.o)
                0x0800c61a                memmove
 .text._free_r  0x0800c640       0x94 c:/ac6/systemworkbench/plugins/fr.ac6.mcu.externaltools.arm-none.win32_1.17.0.201812190825/tools/compiler/bin/../lib/gcc/arm-none-eabi/7.3.1/../../../../arm-none-eabi/lib/thumb/v6-m\libc_nano.a(lib_a-nano-freer.o)
                0x0800c640                _free_r
 .text._malloc_r
                0x0800c6d4       0xbc c:/ac6/systemworkbench/plugins/fr.ac6.mcu.externaltools.arm-none.win32_1.17.0.201812190825/tools/compiler/bin/../lib/gcc/arm-none-eabi/7.3.1/../../../../arm-none-eabi/lib/thumb/v6-m\libc_nano.a(lib_a-nano-mallocr.o)
                0x0800c6d4                _malloc_r
 .text._realloc_r
                0x0800c790       0x4c c:/ac6/systemworkbench/plugins/fr.ac6.mcu.externaltools.arm-none.win32_1.17.0.201812190825/tools/compiler/bin/../lib/gcc/arm-none-eabi/7.3.1/../../../../arm-none-eabi/lib/thumb/v6-m\libc_nano.a(lib_a-nano-reallocr.o)
                0x0800c790                _realloc_r
 .text._sbrk_r  0x0800c7dc       0x24 c:/ac6/systemworkbench/plugins/fr.ac6.mcu.externaltools.arm-none.win32_1.17.0.201812190825/tools/compiler/bin/../lib/gcc/arm-none-eabi/7.3.1/../../../../arm-none-eabi/lib/thumb/v6-m\libc_nano.a(lib_a-sbrkr.o)
                0x0800c7dc                _sbrk_r
 .text.__malloc_lock
                0x0800c800        0x2 c:/ac6/systemworkbench/plugins/fr.ac6.mcu.externaltools.arm-none.win32_1.17.0.201812190825/tools/compiler/bin/../lib/gcc/arm-none-eabi/7.3.1/../../../../arm-none-eabi/lib/thumb/v6-m\libc_nano.a(lib_a-mlock.o)
                0x0800c800                __malloc_lock
 .text.__malloc_unlock
                0x0800c802        0x2 c:/ac6/systemworkbench/plugins/fr.ac6.mcu.externaltools.arm-none.win32_1.17.0.201812190825/tools/compiler/bin/../lib/gcc/arm-none-eabi/7.3.1/../../../../arm-none-eabi/lib/thumb/v6-m\libc_nano.a(lib_a-mlock.o)
                0x0800c802                __malloc_unlock
 .text._malloc_usable_size_r
                0x0800c804       0x10 c:/ac6/systemworkbench/plugins/fr.ac6.mcu.externaltools.arm-none.win32_1.17.0.201812190825/tools/compiler/bin/../lib/gcc/arm-none-eabi/7.3.1/../../../../arm-none-eabi/lib/thumb/v6-m\libc_nano.a(lib_a-nano-msizer.o)
                0x0800c804                _malloc_usable_size_r
 .text._sbrk    0x0800c814       0x1c c:/ac6/systemworkbench/plugins/fr.ac6.mcu.externaltools.arm-none.win32_1.17.0.201812190825/tools/compiler/bin/../lib/gcc/arm-none-eabi/7.3.1/../../../../arm-none-eabi/lib/thumb/v6-m\libnosys.a(sbrk.o)
                0x0800c814                _sbrk
 *(.glue_7)
 .glue_7        0x0800c830        0x0 linker stubs
 *(.glue_7t)
 .glue_7t       0x0800c830        0x0 linker stubs
 *(.eh_frame)
 .eh_frame      0x0800c830        0x0 c:/ac6/systemworkbench/plugins/fr.ac6.mcu.externaltools.arm-none.win32_1.17.0.201812190825/tools/compiler/bin/../lib/gcc/arm-none-eabi/7.3.1/thumb/v6-m/crtbegin.o
 *(.init)
 .init          0x0800c830        0x4 c:/ac6/systemworkbench/plugins/fr.ac6.mcu.externaltools.arm-none.win32_1.17.0.201812190825/tools/compiler/bin/../lib/gcc/arm-none-eabi/7.3.1/thumb/v6-m/crti.o
                0x0800c830                _init
 .init          0x0800c834        0x8 c:/ac6/systemworkbench/plugins/fr.ac6.mcu.externaltools.arm-none.win32_1.17.0.201812190825/tools/compiler/bin/../lib/gcc/arm-none-eabi/7.3.1/thumb/v6-m/crtn.o
 *(.fini)
 .fini          0x0800c83c        0x4 c:/ac6/systemworkbench/plugins/fr.ac6.mcu.externaltools.arm-none.win32_1.17.0.201812190825/tools/compiler/bin/../lib/gcc/arm-none-eabi/7.3.1/thumb/v6-m/crti.o
                0x0800c83c                _fini
 .fini          0x0800c840        0x8 c:/ac6/systemworkbench/plugins/fr.ac6.mcu.externaltools.arm-none.win32_1.17.0.201812190825/tools/compiler/bin/../lib/gcc/arm-none-eabi/7.3.1/thumb/v6-m/crtn.o
                0x0800c848                . = ALIGN (0x4)
                0x0800c848                _etext = .

.vfp11_veneer   0x0800c848        0x0
 .vfp11_veneer  0x0800c848        0x0 linker stubs

.v4_bx          0x0800c848        0x0
 .v4_bx         0x0800c848        0x0 linker stubs

.iplt           0x0800c848        0x0
 .iplt          0x0800c848        0x0 c:/ac6/systemworkbench/plugins/fr.ac6.mcu.externaltools.arm-none.win32_1.17.0.201812190825/tools/compiler/bin/../lib/gcc/arm-none-eabi/7.3.1/thumb/v6-m/crtbegin.o

.rodata         0x0800c848      0x374
                0x0800c848                . = ALIGN (0x4)
 *(.rodata)
 .rodata        0x0800c848        0xd Drivers/BSP/B_L072Z_LRWAN1/b-l072z-lrwan1.o
                0x0800c848                LED_PIN
                0x0800c850                BUTTON_PIN
                0x0800c854                BUTTON_IRQn
 *fill*         0x0800c855        0x3 
 .rodata        0x0800c858       0x74 Drivers/BSP/CMWX1ZZABZ-0xx/mlm32l07x01.o
                0x0800c858                Radio
 .rodata        0x0800c8cc      0x104 Drivers/BSP/Components/sx1276.o
                0x0800c8cc                RadioRegsInit
                0x0800c8fc                FskBandwidths
 .rodata        0x0800c9d0       0x21 Drivers/CMSIS/system_stm32l0xx.o
                0x0800c9d0                AHBPrescTable
                0x0800c9e0                APBPrescTable
                0x0800c9e8                PLLMulTable
 *fill*         0x0800c9f1        0x3 
 .rodata        0x0800c9f4       0x48 Drivers/STM32L0xx_HAL_Driver/stm32l0xx_hal_uart.o
 .rodata        0x0800ca3c       0x10 Projects/PingPong/debug.o
 .rodata        0x0800ca4c       0x18 Projects/PingPong/hw_rtc.o
 .rodata        0x0800ca64       0xa4 Projects/PingPong/main.o
                0x0800ca64                PingMsg
                0x0800ca6c                PongMsg
 .rodata        0x0800cb08       0x40 c:/ac6/systemworkbench/plugins/fr.ac6.mcu.externaltools.arm-none.win32_1.17.0.201812190825/tools/compiler/bin/../lib/gcc/arm-none-eabi/7.3.1/thumb/v6-m\libgcc.a(divdf3.o)
 .rodata        0x0800cb48       0x40 c:/ac6/systemworkbench/plugins/fr.ac6.mcu.externaltools.arm-none.win32_1.17.0.201812190825/tools/compiler/bin/../lib/gcc/arm-none-eabi/7.3.1/thumb/v6-m\libgcc.a(muldf3.o)
 *(.rodata*)
 .rodata._svfprintf_r.str1.1
                0x0800cb88       0x11 c:/ac6/systemworkbench/plugins/fr.ac6.mcu.externaltools.arm-none.win32_1.17.0.201812190825/tools/compiler/bin/../lib/gcc/arm-none-eabi/7.3.1/../../../../arm-none-eabi/lib/thumb/v6-m\libc_nano.a(lib_a-nano-svfprintf.o)
 .rodata._printf_i.str1.1
                0x0800cb99       0x22 c:/ac6/systemworkbench/plugins/fr.ac6.mcu.externaltools.arm-none.win32_1.17.0.201812190825/tools/compiler/bin/../lib/gcc/arm-none-eabi/7.3.1/../../../../arm-none-eabi/lib/thumb/v6-m\libc_nano.a(lib_a-nano-vfprintf_i.o)
                0x0800cbbc                . = ALIGN (0x4)
 *fill*         0x0800cbbb        0x1 

.ARM.extab
 *(.ARM.extab* .gnu.linkonce.armextab.*)

.ARM            0x0800cbbc        0x8
                0x0800cbbc                __exidx_start = .
 *(.ARM.exidx*)
 .ARM.exidx     0x0800cbbc        0x8 c:/ac6/systemworkbench/plugins/fr.ac6.mcu.externaltools.arm-none.win32_1.17.0.201812190825/tools/compiler/bin/../lib/gcc/arm-none-eabi/7.3.1/thumb/v6-m\libgcc.a(_udivmoddi4.o)
                0x0800cbc4                __exidx_end = .

.rel.dyn        0x0800cbc4        0x0
 .rel.iplt      0x0800cbc4        0x0 c:/ac6/systemworkbench/plugins/fr.ac6.mcu.externaltools.arm-none.win32_1.17.0.201812190825/tools/compiler/bin/../lib/gcc/arm-none-eabi/7.3.1/thumb/v6-m/crtbegin.o

.preinit_array  0x0800cbc4        0x0
                0x0800cbc4                PROVIDE (__preinit_array_start = .)
 *(.preinit_array*)
                0x0800cbc4                PROVIDE (__preinit_array_end = .)

.init_array     0x0800cbc4        0x4
                0x0800cbc4                PROVIDE (__init_array_start = .)
 *(SORT_BY_NAME(.init_array.*))
 *(.init_array*)
 .init_array    0x0800cbc4        0x4 c:/ac6/systemworkbench/plugins/fr.ac6.mcu.externaltools.arm-none.win32_1.17.0.201812190825/tools/compiler/bin/../lib/gcc/arm-none-eabi/7.3.1/thumb/v6-m/crtbegin.o
                0x0800cbc8                PROVIDE (__init_array_end = .)

.fini_array     0x0800cbc8        0x4
                [!provide]                PROVIDE (__fini_array_start = .)
 *(SORT_BY_NAME(.fini_array.*))
 *(.fini_array*)
 .fini_array    0x0800cbc8        0x4 c:/ac6/systemworkbench/plugins/fr.ac6.mcu.externaltools.arm-none.win32_1.17.0.201812190825/tools/compiler/bin/../lib/gcc/arm-none-eabi/7.3.1/thumb/v6-m/crtbegin.o
                [!provide]                PROVIDE (__fini_array_end = .)
                0x0800cbcc                _sidata = LOADADDR (.data)

.data           0x20000000       0xb0 load address 0x0800cbcc
                0x20000000                . = ALIGN (0x4)
                0x20000000                _sdata = .
 *(.data)
 .data          0x20000000       0x14 Drivers/BSP/B_L072Z_LRWAN1/b-l072z-lrwan1.o
                0x20000000                LED_PORT
                0x20000010                BUTTON_PORT
 .data          0x20000014       0x18 Drivers/BSP/CMWX1ZZABZ-0xx/mlm32l07x01.o
 .data          0x2000002c       0x18 Drivers/BSP/Components/sx1276.o
                0x2000002c                DioIrq
 .data          0x20000044        0x4 Drivers/CMSIS/system_stm32l0xx.o
                0x20000044                SystemCoreClock
 .data          0x20000048        0x1 Middlewares/LoRaWAN/Utilities/trace.o
                0x20000048                TracePeripheralReady
 *fill*         0x20000049        0x1 
 .data          0x2000004a        0x2 Projects/PingPong/main.o
                0x2000004a                BufferSize
 *(.data*)
 .data._impure_ptr
                0x2000004c        0x4 c:/ac6/systemworkbench/plugins/fr.ac6.mcu.externaltools.arm-none.win32_1.17.0.201812190825/tools/compiler/bin/../lib/gcc/arm-none-eabi/7.3.1/../../../../arm-none-eabi/lib/thumb/v6-m\libc_nano.a(lib_a-impure.o)
                0x2000004c                _impure_ptr
 .data.impure_data
                0x20000050       0x60 c:/ac6/systemworkbench/plugins/fr.ac6.mcu.externaltools.arm-none.win32_1.17.0.201812190825/tools/compiler/bin/../lib/gcc/arm-none-eabi/7.3.1/../../../../arm-none-eabi/lib/thumb/v6-m\libc_nano.a(lib_a-impure.o)
                0x200000b0                . = ALIGN (0x4)
                0x200000b0                _edata = .

.igot.plt       0x200000b0        0x0 load address 0x0800cc7c
 .igot.plt      0x200000b0        0x0 c:/ac6/systemworkbench/plugins/fr.ac6.mcu.externaltools.arm-none.win32_1.17.0.201812190825/tools/compiler/bin/../lib/gcc/arm-none-eabi/7.3.1/thumb/v6-m/crtbegin.o
                0x200000b0                . = ALIGN (0x4)

.bss            0x200000b0      0x560 load address 0x0800cc7c
                0x200000b0                _sbss = .
                0x200000b0                __bss_start__ = _sbss
 *(.bss)
 .bss           0x200000b0       0x1c c:/ac6/systemworkbench/plugins/fr.ac6.mcu.externaltools.arm-none.win32_1.17.0.201812190825/tools/compiler/bin/../lib/gcc/arm-none-eabi/7.3.1/thumb/v6-m/crtbegin.o
 .bss           0x200000cc      0x108 Drivers/BSP/Components/sx1276.o
 .bss           0x200001d4        0x8 Middlewares/LoRaWAN/Utilities/low_power_manager.o
 .bss           0x200001dc        0x4 Middlewares/LoRaWAN/Utilities/timeServer.o
 .bss           0x200001e0      0x110 Middlewares/LoRaWAN/Utilities/trace.o
 .bss           0x200002f0       0x40 Projects/PingPong/hw_gpio.o
 .bss           0x20000330       0x6c Projects/PingPong/hw_rtc.o
 .bss           0x2000039c       0x58 Projects/PingPong/hw_spi.o
 .bss           0x200003f4       0x38 Projects/PingPong/main.o
                0x200003f4                State
                0x200003f5                RssiValue
                0x200003f6                SnrValue
 .bss           0x2000042c       0x62 Projects/PingPong/mlm32l0xx_hw.o
 *fill*         0x2000048e        0x2 
 .bss           0x20000490       0xb4 Projects/PingPong/vcom.o
 *(.bss*)
 .bss.__malloc_free_list
                0x20000544        0x4 c:/ac6/systemworkbench/plugins/fr.ac6.mcu.externaltools.arm-none.win32_1.17.0.201812190825/tools/compiler/bin/../lib/gcc/arm-none-eabi/7.3.1/../../../../arm-none-eabi/lib/thumb/v6-m\libc_nano.a(lib_a-nano-mallocr.o)
                0x20000544                __malloc_free_list
 .bss.__malloc_sbrk_start
                0x20000548        0x4 c:/ac6/systemworkbench/plugins/fr.ac6.mcu.externaltools.arm-none.win32_1.17.0.201812190825/tools/compiler/bin/../lib/gcc/arm-none-eabi/7.3.1/../../../../arm-none-eabi/lib/thumb/v6-m\libc_nano.a(lib_a-nano-mallocr.o)
                0x20000548                __malloc_sbrk_start
 .bss.heap_end.4102
                0x2000054c        0x4 c:/ac6/systemworkbench/plugins/fr.ac6.mcu.externaltools.arm-none.win32_1.17.0.201812190825/tools/compiler/bin/../lib/gcc/arm-none-eabi/7.3.1/../../../../arm-none-eabi/lib/thumb/v6-m\libnosys.a(sbrk.o)
 *(COMMON)
 COMMON         0x20000550       0xb0 Drivers/BSP/Components/sx1276.o
                0x20000550                TxTimeoutTimer
                0x20000568                RxTimeoutSyncWord
                0x20000580                SX1276
                0x200005e8                RxTimeoutTimer
 COMMON         0x20000600        0x4 Drivers/STM32L0xx_HAL_Driver/stm32l0xx_hal.o
                0x20000600                uwTick
 COMMON         0x20000604        0x6 Projects/PingPong/main.o
                0x20000604                Buffer
 *fill*         0x2000060a        0x2 
 COMMON         0x2000060c        0x4 c:/ac6/systemworkbench/plugins/fr.ac6.mcu.externaltools.arm-none.win32_1.17.0.201812190825/tools/compiler/bin/../lib/gcc/arm-none-eabi/7.3.1/../../../../arm-none-eabi/lib/thumb/v6-m\libc_nano.a(lib_a-reent.o)
                0x2000060c                errno
                0x20000610                . = ALIGN (0x4)
                0x20000610                _ebss = .
                0x20000610                __bss_end__ = _ebss

._user_heap_stack
                0x20000610      0x600 load address 0x0800cc7c
                0x20000610                . = ALIGN (0x8)
                0x20000610                PROVIDE (end = .)
                [!provide]                PROVIDE (_end = .)
                0x20000810                . = (. + _Min_Heap_Size)
 *fill*         0x20000610      0x200 
                0x20000c10                . = (. + _Min_Stack_Size)
 *fill*         0x20000810      0x400 
                0x20000c10                . = ALIGN (0x8)

/DISCARD/
 libc.a(*)
 libm.a(*)
 libgcc.a(*)

.ARM.attributes
                0x00000000       0x28
 *(.ARM.attributes)
 .ARM.attributes
                0x00000000       0x1e c:/ac6/systemworkbench/plugins/fr.ac6.mcu.externaltools.arm-none.win32_1.17.0.201812190825/tools/compiler/bin/../lib/gcc/arm-none-eabi/7.3.1/thumb/v6-m/crti.o
 .ARM.attributes
                0x0000001e       0x2c c:/ac6/systemworkbench/plugins/fr.ac6.mcu.externaltools.arm-none.win32_1.17.0.201812190825/tools/compiler/bin/../lib/gcc/arm-none-eabi/7.3.1/thumb/v6-m/crtbegin.o
 .ARM.attributes
                0x0000004a       0x22 Application/SW4STM32/startup_stm32l072xx.o
 .ARM.attributes
                0x0000006c       0x32 Drivers/BSP/B_L072Z_LRWAN1/b-l072z-lrwan1.o
 .ARM.attributes
                0x0000009e       0x32 Drivers/BSP/CMWX1ZZABZ-0xx/mlm32l07x01.o
 .ARM.attributes
                0x000000d0       0x32 Drivers/BSP/Components/sx1276.o
 .ARM.attributes
                0x00000102       0x32 Drivers/CMSIS/system_stm32l0xx.o
 .ARM.attributes
                0x00000134       0x32 Drivers/STM32L0xx_HAL_Driver/stm32l0xx_hal.o
 .ARM.attributes
                0x00000166       0x32 Drivers/STM32L0xx_HAL_Driver/stm32l0xx_hal_adc.o
 .ARM.attributes
                0x00000198       0x32 Drivers/STM32L0xx_HAL_Driver/stm32l0xx_hal_cortex.o
 .ARM.attributes
                0x000001ca       0x32 Drivers/STM32L0xx_HAL_Driver/stm32l0xx_hal_dma.o
 .ARM.attributes
                0x000001fc       0x32 Drivers/STM32L0xx_HAL_Driver/stm32l0xx_hal_gpio.o
 .ARM.attributes
                0x0000022e       0x32 Drivers/STM32L0xx_HAL_Driver/stm32l0xx_hal_pwr.o
 .ARM.attributes
                0x00000260       0x32 Drivers/STM32L0xx_HAL_Driver/stm32l0xx_hal_pwr_ex.o
 .ARM.attributes
                0x00000292       0x32 Drivers/STM32L0xx_HAL_Driver/stm32l0xx_hal_rcc.o
 .ARM.attributes
                0x000002c4       0x32 Drivers/STM32L0xx_HAL_Driver/stm32l0xx_hal_rcc_ex.o
 .ARM.attributes
                0x000002f6       0x32 Drivers/STM32L0xx_HAL_Driver/stm32l0xx_hal_rtc.o
 .ARM.attributes
                0x00000328       0x32 Drivers/STM32L0xx_HAL_Driver/stm32l0xx_hal_rtc_ex.o
 .ARM.attributes
                0x0000035a       0x32 Drivers/STM32L0xx_HAL_Driver/stm32l0xx_hal_spi.o
 .ARM.attributes
                0x0000038c       0x32 Drivers/STM32L0xx_HAL_Driver/stm32l0xx_hal_uart.o
 .ARM.attributes
                0x000003be       0x32 Drivers/STM32L0xx_HAL_Driver/stm32l0xx_hal_uart_ex.o
 .ARM.attributes
                0x000003f0       0x32 Middlewares/LoRaWAN/Utilities/low_power_manager.o
 .ARM.attributes
                0x00000422       0x32 Middlewares/LoRaWAN/Utilities/queue.o
 .ARM.attributes
                0x00000454       0x32 Middlewares/LoRaWAN/Utilities/timeServer.o
 .ARM.attributes
                0x00000486       0x32 Middlewares/LoRaWAN/Utilities/trace.o
 .ARM.attributes
                0x000004b8       0x32 Middlewares/LoRaWAN/Utilities/utilities.o
 .ARM.attributes
                0x000004ea       0x32 Projects/PingPong/debug.o
 .ARM.attributes
                0x0000051c       0x32 Projects/PingPong/hw_gpio.o
 .ARM.attributes
                0x0000054e       0x32 Projects/PingPong/hw_rtc.o
 .ARM.attributes
                0x00000580       0x32 Projects/PingPong/hw_spi.o
 .ARM.attributes
                0x000005b2       0x32 Projects/PingPong/main.o
 .ARM.attributes
                0x000005e4       0x32 Projects/PingPong/mlm32l0xx_hal_msp.o
 .ARM.attributes
                0x00000616       0x32 Projects/PingPong/mlm32l0xx_hw.o
 .ARM.attributes
                0x00000648       0x32 Projects/PingPong/mlm32l0xx_it.o
 .ARM.attributes
                0x0000067a       0x32 Projects/PingPong/vcom.o
 .ARM.attributes
                0x000006ac       0x2c c:/ac6/systemworkbench/plugins/fr.ac6.mcu.externaltools.arm-none.win32_1.17.0.201812190825/tools/compiler/bin/../lib/gcc/arm-none-eabi/7.3.1/../../../../arm-none-eabi/lib/thumb/v6-m\libm.a(lib_a-s_ceil.o)
 .ARM.attributes
                0x000006d8       0x2c c:/ac6/systemworkbench/plugins/fr.ac6.mcu.externaltools.arm-none.win32_1.17.0.201812190825/tools/compiler/bin/../lib/gcc/arm-none-eabi/7.3.1/../../../../arm-none-eabi/lib/thumb/v6-m\libm.a(lib_a-s_floor.o)
 .ARM.attributes
                0x00000704       0x2c c:/ac6/systemworkbench/plugins/fr.ac6.mcu.externaltools.arm-none.win32_1.17.0.201812190825/tools/compiler/bin/../lib/gcc/arm-none-eabi/7.3.1/../../../../arm-none-eabi/lib/thumb/v6-m\libm.a(lib_a-s_round.o)
 .ARM.attributes
                0x00000730       0x1e c:/ac6/systemworkbench/plugins/fr.ac6.mcu.externaltools.arm-none.win32_1.17.0.201812190825/tools/compiler/bin/../lib/gcc/arm-none-eabi/7.3.1/thumb/v6-m\libgcc.a(_udivsi3.o)
 .ARM.attributes
                0x0000074e       0x1e c:/ac6/systemworkbench/plugins/fr.ac6.mcu.externaltools.arm-none.win32_1.17.0.201812190825/tools/compiler/bin/../lib/gcc/arm-none-eabi/7.3.1/thumb/v6-m\libgcc.a(_divsi3.o)
 .ARM.attributes
                0x0000076c       0x1e c:/ac6/systemworkbench/plugins/fr.ac6.mcu.externaltools.arm-none.win32_1.17.0.201812190825/tools/compiler/bin/../lib/gcc/arm-none-eabi/7.3.1/thumb/v6-m\libgcc.a(_dvmd_tls.o)
 .ARM.attributes
                0x0000078a       0x1e c:/ac6/systemworkbench/plugins/fr.ac6.mcu.externaltools.arm-none.win32_1.17.0.201812190825/tools/compiler/bin/../lib/gcc/arm-none-eabi/7.3.1/thumb/v6-m\libgcc.a(_arm_cmpdf2.o)
 .ARM.attributes
                0x000007a8       0x1e c:/ac6/systemworkbench/plugins/fr.ac6.mcu.externaltools.arm-none.win32_1.17.0.201812190825/tools/compiler/bin/../lib/gcc/arm-none-eabi/7.3.1/thumb/v6-m\libgcc.a(_aeabi_uldivmod.o)
 .ARM.attributes
                0x000007c6       0x2c c:/ac6/systemworkbench/plugins/fr.ac6.mcu.externaltools.arm-none.win32_1.17.0.201812190825/tools/compiler/bin/../lib/gcc/arm-none-eabi/7.3.1/thumb/v6-m\libgcc.a(_fixunsdfsi.o)
 .ARM.attributes
                0x000007f2       0x2c c:/ac6/systemworkbench/plugins/fr.ac6.mcu.externaltools.arm-none.win32_1.17.0.201812190825/tools/compiler/bin/../lib/gcc/arm-none-eabi/7.3.1/thumb/v6-m\libgcc.a(_udivmoddi4.o)
 .ARM.attributes
                0x0000081e       0x2c c:/ac6/systemworkbench/plugins/fr.ac6.mcu.externaltools.arm-none.win32_1.17.0.201812190825/tools/compiler/bin/../lib/gcc/arm-none-eabi/7.3.1/thumb/v6-m\libgcc.a(adddf3.o)
 .ARM.attributes
                0x0000084a       0x2c c:/ac6/systemworkbench/plugins/fr.ac6.mcu.externaltools.arm-none.win32_1.17.0.201812190825/tools/compiler/bin/../lib/gcc/arm-none-eabi/7.3.1/thumb/v6-m\libgcc.a(divdf3.o)
 .ARM.attributes
                0x00000876       0x2c c:/ac6/systemworkbench/plugins/fr.ac6.mcu.externaltools.arm-none.win32_1.17.0.201812190825/tools/compiler/bin/../lib/gcc/arm-none-eabi/7.3.1/thumb/v6-m\libgcc.a(eqdf2.o)
 .ARM.attributes
                0x000008a2       0x2c c:/ac6/systemworkbench/plugins/fr.ac6.mcu.externaltools.arm-none.win32_1.17.0.201812190825/tools/compiler/bin/../lib/gcc/arm-none-eabi/7.3.1/thumb/v6-m\libgcc.a(gedf2.o)
 .ARM.attributes
                0x000008ce       0x2c c:/ac6/systemworkbench/plugins/fr.ac6.mcu.externaltools.arm-none.win32_1.17.0.201812190825/tools/compiler/bin/../lib/gcc/arm-none-eabi/7.3.1/thumb/v6-m\libgcc.a(ledf2.o)
 .ARM.attributes
                0x000008fa       0x2c c:/ac6/systemworkbench/plugins/fr.ac6.mcu.externaltools.arm-none.win32_1.17.0.201812190825/tools/compiler/bin/../lib/gcc/arm-none-eabi/7.3.1/thumb/v6-m\libgcc.a(muldf3.o)
 .ARM.attributes
                0x00000926       0x2c c:/ac6/systemworkbench/plugins/fr.ac6.mcu.externaltools.arm-none.win32_1.17.0.201812190825/tools/compiler/bin/../lib/gcc/arm-none-eabi/7.3.1/thumb/v6-m\libgcc.a(subdf3.o)
 .ARM.attributes
                0x00000952       0x2c c:/ac6/systemworkbench/plugins/fr.ac6.mcu.externaltools.arm-none.win32_1.17.0.201812190825/tools/compiler/bin/../lib/gcc/arm-none-eabi/7.3.1/thumb/v6-m\libgcc.a(fixdfsi.o)
 .ARM.attributes
                0x0000097e       0x2c c:/ac6/systemworkbench/plugins/fr.ac6.mcu.externaltools.arm-none.win32_1.17.0.201812190825/tools/compiler/bin/../lib/gcc/arm-none-eabi/7.3.1/thumb/v6-m\libgcc.a(floatsidf.o)
 .ARM.attributes
                0x000009aa       0x2c c:/ac6/systemworkbench/plugins/fr.ac6.mcu.externaltools.arm-none.win32_1.17.0.201812190825/tools/compiler/bin/../lib/gcc/arm-none-eabi/7.3.1/thumb/v6-m\libgcc.a(floatunsidf.o)
 .ARM.attributes
                0x000009d6       0x1e c:/ac6/systemworkbench/plugins/fr.ac6.mcu.externaltools.arm-none.win32_1.17.0.201812190825/tools/compiler/bin/../lib/gcc/arm-none-eabi/7.3.1/thumb/v6-m\libgcc.a(_clzsi2.o)
 .ARM.attributes
                0x000009f4       0x1e c:/ac6/systemworkbench/plugins/fr.ac6.mcu.externaltools.arm-none.win32_1.17.0.201812190825/tools/compiler/bin/../lib/gcc/arm-none-eabi/7.3.1/thumb/v6-m\libgcc.a(_clzdi2.o)
 .ARM.attributes
                0x00000a12       0x2c c:/ac6/systemworkbench/plugins/fr.ac6.mcu.externaltools.arm-none.win32_1.17.0.201812190825/tools/compiler/bin/../lib/gcc/arm-none-eabi/7.3.1/../../../../arm-none-eabi/lib/thumb/v6-m\libc_nano.a(lib_a-impure.o)
 .ARM.attributes
                0x00000a3e       0x2c c:/ac6/systemworkbench/plugins/fr.ac6.mcu.externaltools.arm-none.win32_1.17.0.201812190825/tools/compiler/bin/../lib/gcc/arm-none-eabi/7.3.1/../../../../arm-none-eabi/lib/thumb/v6-m\libc_nano.a(lib_a-init.o)
 .ARM.attributes
                0x00000a6a       0x2c c:/ac6/systemworkbench/plugins/fr.ac6.mcu.externaltools.arm-none.win32_1.17.0.201812190825/tools/compiler/bin/../lib/gcc/arm-none-eabi/7.3.1/../../../../arm-none-eabi/lib/thumb/v6-m\libc_nano.a(lib_a-memcpy-stub.o)
 .ARM.attributes
                0x00000a96       0x2c c:/ac6/systemworkbench/plugins/fr.ac6.mcu.externaltools.arm-none.win32_1.17.0.201812190825/tools/compiler/bin/../lib/gcc/arm-none-eabi/7.3.1/../../../../arm-none-eabi/lib/thumb/v6-m\libc_nano.a(lib_a-memset.o)
 .ARM.attributes
                0x00000ac2       0x2c c:/ac6/systemworkbench/plugins/fr.ac6.mcu.externaltools.arm-none.win32_1.17.0.201812190825/tools/compiler/bin/../lib/gcc/arm-none-eabi/7.3.1/../../../../arm-none-eabi/lib/thumb/v6-m\libc_nano.a(lib_a-strncmp.o)
 .ARM.attributes
                0x00000aee       0x2c c:/ac6/systemworkbench/plugins/fr.ac6.mcu.externaltools.arm-none.win32_1.17.0.201812190825/tools/compiler/bin/../lib/gcc/arm-none-eabi/7.3.1/../../../../arm-none-eabi/lib/thumb/v6-m\libc_nano.a(lib_a-vsnprintf.o)
 .ARM.attributes
                0x00000b1a       0x2c c:/ac6/systemworkbench/plugins/fr.ac6.mcu.externaltools.arm-none.win32_1.17.0.201812190825/tools/compiler/bin/../lib/gcc/arm-none-eabi/7.3.1/../../../../arm-none-eabi/lib/thumb/v6-m\libc_nano.a(lib_a-nano-svfprintf.o)
 .ARM.attributes
                0x00000b46       0x2c c:/ac6/systemworkbench/plugins/fr.ac6.mcu.externaltools.arm-none.win32_1.17.0.201812190825/tools/compiler/bin/../lib/gcc/arm-none-eabi/7.3.1/../../../../arm-none-eabi/lib/thumb/v6-m\libc_nano.a(lib_a-nano-vfprintf_i.o)
 .ARM.attributes
                0x00000b72       0x2c c:/ac6/systemworkbench/plugins/fr.ac6.mcu.externaltools.arm-none.win32_1.17.0.201812190825/tools/compiler/bin/../lib/gcc/arm-none-eabi/7.3.1/../../../../arm-none-eabi/lib/thumb/v6-m\libc_nano.a(lib_a-memchr-stub.o)
 .ARM.attributes
                0x00000b9e       0x2c c:/ac6/systemworkbench/plugins/fr.ac6.mcu.externaltools.arm-none.win32_1.17.0.201812190825/tools/compiler/bin/../lib/gcc/arm-none-eabi/7.3.1/../../../../arm-none-eabi/lib/thumb/v6-m\libc_nano.a(lib_a-memmove.o)
 .ARM.attributes
                0x00000bca       0x2c c:/ac6/systemworkbench/plugins/fr.ac6.mcu.externaltools.arm-none.win32_1.17.0.201812190825/tools/compiler/bin/../lib/gcc/arm-none-eabi/7.3.1/../../../../arm-none-eabi/lib/thumb/v6-m\libc_nano.a(lib_a-nano-freer.o)
 .ARM.attributes
                0x00000bf6       0x2c c:/ac6/systemworkbench/plugins/fr.ac6.mcu.externaltools.arm-none.win32_1.17.0.201812190825/tools/compiler/bin/../lib/gcc/arm-none-eabi/7.3.1/../../../../arm-none-eabi/lib/thumb/v6-m\libc_nano.a(lib_a-nano-mallocr.o)
 .ARM.attributes
                0x00000c22       0x2c c:/ac6/systemworkbench/plugins/fr.ac6.mcu.externaltools.arm-none.win32_1.17.0.201812190825/tools/compiler/bin/../lib/gcc/arm-none-eabi/7.3.1/../../../../arm-none-eabi/lib/thumb/v6-m\libc_nano.a(lib_a-nano-reallocr.o)
 .ARM.attributes
                0x00000c4e       0x2c c:/ac6/systemworkbench/plugins/fr.ac6.mcu.externaltools.arm-none.win32_1.17.0.201812190825/tools/compiler/bin/../lib/gcc/arm-none-eabi/7.3.1/../../../../arm-none-eabi/lib/thumb/v6-m\libc_nano.a(lib_a-sbrkr.o)
 .ARM.attributes
                0x00000c7a       0x2c c:/ac6/systemworkbench/plugins/fr.ac6.mcu.externaltools.arm-none.win32_1.17.0.201812190825/tools/compiler/bin/../lib/gcc/arm-none-eabi/7.3.1/../../../../arm-none-eabi/lib/thumb/v6-m\libc_nano.a(lib_a-mlock.o)
 .ARM.attributes
                0x00000ca6       0x2c c:/ac6/systemworkbench/plugins/fr.ac6.mcu.externaltools.arm-none.win32_1.17.0.201812190825/tools/compiler/bin/../lib/gcc/arm-none-eabi/7.3.1/../../../../arm-none-eabi/lib/thumb/v6-m\libc_nano.a(lib_a-nano-msizer.o)
 .ARM.attributes
                0x00000cd2       0x2c c:/ac6/systemworkbench/plugins/fr.ac6.mcu.externaltools.arm-none.win32_1.17.0.201812190825/tools/compiler/bin/../lib/gcc/arm-none-eabi/7.3.1/../../../../arm-none-eabi/lib/thumb/v6-m\libc_nano.a(lib_a-reent.o)
 .ARM.attributes
                0x00000cfe       0x2c c:/ac6/systemworkbench/plugins/fr.ac6.mcu.externaltools.arm-none.win32_1.17.0.201812190825/tools/compiler/bin/../lib/gcc/arm-none-eabi/7.3.1/../../../../arm-none-eabi/lib/thumb/v6-m\libnosys.a(sbrk.o)
 .ARM.attributes
                0x00000d2a       0x1e c:/ac6/systemworkbench/plugins/fr.ac6.mcu.externaltools.arm-none.win32_1.17.0.201812190825/tools/compiler/bin/../lib/gcc/arm-none-eabi/7.3.1/thumb/v6-m/crtn.o
OUTPUT(mlm32l07x01.elf elf32-littlearm)

.debug_line     0x00000000    0x1a316
 .debug_line    0x00000000       0xfa Application/SW4STM32/startup_stm32l072xx.o
 .debug_line    0x000000fa      0xa6c Drivers/BSP/B_L072Z_LRWAN1/b-l072z-lrwan1.o
 .debug_line    0x00000b66      0xe5c Drivers/BSP/CMWX1ZZABZ-0xx/mlm32l07x01.o
 .debug_line    0x000019c2     0x149f Drivers/BSP/Components/sx1276.o
 .debug_line    0x00002e61      0x9c2 Drivers/CMSIS/system_stm32l0xx.o
 .debug_line    0x00003823      0xb42 Drivers/STM32L0xx_HAL_Driver/stm32l0xx_hal.o
 .debug_line    0x00004365      0xe4c Drivers/STM32L0xx_HAL_Driver/stm32l0xx_hal_adc.o
 .debug_line    0x000051b1      0xb72 Drivers/STM32L0xx_HAL_Driver/stm32l0xx_hal_cortex.o
 .debug_line    0x00005d23     0x100f Drivers/STM32L0xx_HAL_Driver/stm32l0xx_hal_dma.o
 .debug_line    0x00006d32      0xb12 Drivers/STM32L0xx_HAL_Driver/stm32l0xx_hal_gpio.o
 .debug_line    0x00007844      0xac6 Drivers/STM32L0xx_HAL_Driver/stm32l0xx_hal_pwr.o
 .debug_line    0x0000830a      0x9fe Drivers/STM32L0xx_HAL_Driver/stm32l0xx_hal_pwr_ex.o
 .debug_line    0x00008d08      0xc28 Drivers/STM32L0xx_HAL_Driver/stm32l0xx_hal_rcc.o
 .debug_line    0x00009930      0xc92 Drivers/STM32L0xx_HAL_Driver/stm32l0xx_hal_rcc_ex.o
 .debug_line    0x0000a5c2      0xd17 Drivers/STM32L0xx_HAL_Driver/stm32l0xx_hal_rtc.o
 .debug_line    0x0000b2d9     0x103e Drivers/STM32L0xx_HAL_Driver/stm32l0xx_hal_rtc_ex.o
 .debug_line    0x0000c317     0x119f Drivers/STM32L0xx_HAL_Driver/stm32l0xx_hal_spi.o
 .debug_line    0x0000d4b6     0x13f3 Drivers/STM32L0xx_HAL_Driver/stm32l0xx_hal_uart.o
 .debug_line    0x0000e8a9      0xaec Drivers/STM32L0xx_HAL_Driver/stm32l0xx_hal_uart_ex.o
 .debug_line    0x0000f395      0xd02 Middlewares/LoRaWAN/Utilities/low_power_manager.o
 .debug_line    0x00010097      0x408 Middlewares/LoRaWAN/Utilities/queue.o
 .debug_line    0x0001049f      0xdd7 Middlewares/LoRaWAN/Utilities/timeServer.o
 .debug_line    0x00011276      0xc14 Middlewares/LoRaWAN/Utilities/trace.o
 .debug_line    0x00011e8a      0xb6e Middlewares/LoRaWAN/Utilities/utilities.o
 .debug_line    0x000129f8      0xc64 Projects/PingPong/debug.o
 .debug_line    0x0001365c      0xce5 Projects/PingPong/hw_gpio.o
 .debug_line    0x00014341      0xecc Projects/PingPong/hw_rtc.o
 .debug_line    0x0001520d      0xcf7 Projects/PingPong/hw_spi.o
 .debug_line    0x00015f04      0xdfa Projects/PingPong/main.o
 .debug_line    0x00016cfe      0xce9 Projects/PingPong/mlm32l0xx_hal_msp.o
 .debug_line    0x000179e7      0xeb2 Projects/PingPong/mlm32l0xx_hw.o
 .debug_line    0x00018899      0xd65 Projects/PingPong/mlm32l0xx_it.o
 .debug_line    0x000195fe      0xd18 Projects/PingPong/vcom.o

.debug_info     0x00000000    0x22026
 .debug_info    0x00000000       0x22 Application/SW4STM32/startup_stm32l072xx.o
 .debug_info    0x00000022     0x1133 Drivers/BSP/B_L072Z_LRWAN1/b-l072z-lrwan1.o
 .debug_info    0x00001155     0x1532 Drivers/BSP/CMWX1ZZABZ-0xx/mlm32l07x01.o
 .debug_info    0x00002687     0x1f10 Drivers/BSP/Components/sx1276.o
 .debug_info    0x00004597      0xba6 Drivers/CMSIS/system_stm32l0xx.o
 .debug_info    0x0000513d      0xf9a Drivers/STM32L0xx_HAL_Driver/stm32l0xx_hal.o
 .debug_info    0x000060d7     0x14b4 Drivers/STM32L0xx_HAL_Driver/stm32l0xx_hal_adc.o
 .debug_info    0x0000758b     0x1088 Drivers/STM32L0xx_HAL_Driver/stm32l0xx_hal_cortex.o
 .debug_info    0x00008613      0xe74 Drivers/STM32L0xx_HAL_Driver/stm32l0xx_hal_dma.o
 .debug_info    0x00009487      0xee1 Drivers/STM32L0xx_HAL_Driver/stm32l0xx_hal_gpio.o
 .debug_info    0x0000a368      0xdb4 Drivers/STM32L0xx_HAL_Driver/stm32l0xx_hal_pwr.o
 .debug_info    0x0000b11c      0xa46 Drivers/STM32L0xx_HAL_Driver/stm32l0xx_hal_pwr_ex.o
 .debug_info    0x0000bb62     0x118d Drivers/STM32L0xx_HAL_Driver/stm32l0xx_hal_rcc.o
 .debug_info    0x0000ccef     0x1032 Drivers/STM32L0xx_HAL_Driver/stm32l0xx_hal_rcc_ex.o
 .debug_info    0x0000dd21     0x12c9 Drivers/STM32L0xx_HAL_Driver/stm32l0xx_hal_rtc.o
 .debug_info    0x0000efea     0x1619 Drivers/STM32L0xx_HAL_Driver/stm32l0xx_hal_rtc_ex.o
 .debug_info    0x00010603     0x16da Drivers/STM32L0xx_HAL_Driver/stm32l0xx_hal_spi.o
 .debug_info    0x00011cdd     0x1c58 Drivers/STM32L0xx_HAL_Driver/stm32l0xx_hal_uart.o
 .debug_info    0x00013935     0x1079 Drivers/STM32L0xx_HAL_Driver/stm32l0xx_hal_uart_ex.o
 .debug_info    0x000149ae      0xcb7 Middlewares/LoRaWAN/Utilities/low_power_manager.o
 .debug_info    0x00015665      0x388 Middlewares/LoRaWAN/Utilities/queue.o
 .debug_info    0x000159ed      0xf0c Middlewares/LoRaWAN/Utilities/timeServer.o
 .debug_info    0x000168f9      0xcec Middlewares/LoRaWAN/Utilities/trace.o
 .debug_info    0x000175e5      0xaf4 Middlewares/LoRaWAN/Utilities/utilities.o
 .debug_info    0x000180d9      0xc3d Projects/PingPong/debug.o
 .debug_info    0x00018d16      0xf5d Projects/PingPong/hw_gpio.o
 .debug_info    0x00019c73     0x1558 Projects/PingPong/hw_rtc.o
 .debug_info    0x0001b1cb     0x114c Projects/PingPong/hw_spi.o
 .debug_info    0x0001c317     0x11b8 Projects/PingPong/main.o
 .debug_info    0x0001d4cf     0x11da Projects/PingPong/mlm32l0xx_hal_msp.o
 .debug_info    0x0001e6a9     0x1af9 Projects/PingPong/mlm32l0xx_hw.o
 .debug_info    0x000201a2      0xacb Projects/PingPong/mlm32l0xx_it.o
 .debug_info    0x00020c6d     0x13b9 Projects/PingPong/vcom.o

.debug_abbrev   0x00000000     0x54c8
 .debug_abbrev  0x00000000       0x12 Application/SW4STM32/startup_stm32l072xx.o
 .debug_abbrev  0x00000012      0x2ae Drivers/BSP/B_L072Z_LRWAN1/b-l072z-lrwan1.o
 .debug_abbrev  0x000002c0      0x2d7 Drivers/BSP/CMWX1ZZABZ-0xx/mlm32l07x01.o
 .debug_abbrev  0x00000597      0x371 Drivers/BSP/Components/sx1276.o
 .debug_abbrev  0x00000908      0x205 Drivers/CMSIS/system_stm32l0xx.o
 .debug_abbrev  0x00000b0d      0x2ae Drivers/STM32L0xx_HAL_Driver/stm32l0xx_hal.o
 .debug_abbrev  0x00000dbb      0x292 Drivers/STM32L0xx_HAL_Driver/stm32l0xx_hal_adc.o
 .debug_abbrev  0x0000104d      0x33d Drivers/STM32L0xx_HAL_Driver/stm32l0xx_hal_cortex.o
 .debug_abbrev  0x0000138a      0x28b Drivers/STM32L0xx_HAL_Driver/stm32l0xx_hal_dma.o
 .debug_abbrev  0x00001615      0x280 Drivers/STM32L0xx_HAL_Driver/stm32l0xx_hal_gpio.o
 .debug_abbrev  0x00001895      0x24b Drivers/STM32L0xx_HAL_Driver/stm32l0xx_hal_pwr.o
 .debug_abbrev  0x00001ae0      0x228 Drivers/STM32L0xx_HAL_Driver/stm32l0xx_hal_pwr_ex.o
 .debug_abbrev  0x00001d08      0x2f2 Drivers/STM32L0xx_HAL_Driver/stm32l0xx_hal_rcc.o
 .debug_abbrev  0x00001ffa      0x2aa Drivers/STM32L0xx_HAL_Driver/stm32l0xx_hal_rcc_ex.o
 .debug_abbrev  0x000022a4      0x2b8 Drivers/STM32L0xx_HAL_Driver/stm32l0xx_hal_rtc.o
 .debug_abbrev  0x0000255c      0x2b8 Drivers/STM32L0xx_HAL_Driver/stm32l0xx_hal_rtc_ex.o
 .debug_abbrev  0x00002814      0x2c4 Drivers/STM32L0xx_HAL_Driver/stm32l0xx_hal_spi.o
 .debug_abbrev  0x00002ad8      0x2f1 Drivers/STM32L0xx_HAL_Driver/stm32l0xx_hal_uart.o
 .debug_abbrev  0x00002dc9      0x28b Drivers/STM32L0xx_HAL_Driver/stm32l0xx_hal_uart_ex.o
 .debug_abbrev  0x00003054      0x2f2 Middlewares/LoRaWAN/Utilities/low_power_manager.o
 .debug_abbrev  0x00003346      0x11e Middlewares/LoRaWAN/Utilities/queue.o
 .debug_abbrev  0x00003464      0x3a5 Middlewares/LoRaWAN/Utilities/timeServer.o
 .debug_abbrev  0x00003809      0x2ef Middlewares/LoRaWAN/Utilities/trace.o
 .debug_abbrev  0x00003af8      0x22b Middlewares/LoRaWAN/Utilities/utilities.o
 .debug_abbrev  0x00003d23      0x215 Projects/PingPong/debug.o
 .debug_abbrev  0x00003f38      0x260 Projects/PingPong/hw_gpio.o
 .debug_abbrev  0x00004198      0x37c Projects/PingPong/hw_rtc.o
 .debug_abbrev  0x00004514      0x273 Projects/PingPong/hw_spi.o
 .debug_abbrev  0x00004787      0x2ba Projects/PingPong/main.o
 .debug_abbrev  0x00004a41      0x27e Projects/PingPong/mlm32l0xx_hal_msp.o
 .debug_abbrev  0x00004cbf      0x3c8 Projects/PingPong/mlm32l0xx_hw.o
 .debug_abbrev  0x00005087      0x1e7 Projects/PingPong/mlm32l0xx_it.o
 .debug_abbrev  0x0000526e      0x25a Projects/PingPong/vcom.o

.debug_aranges  0x00000000     0x1310
 .debug_aranges
                0x00000000       0x28 Application/SW4STM32/startup_stm32l072xx.o
 .debug_aranges
                0x00000028       0x58 Drivers/BSP/B_L072Z_LRWAN1/b-l072z-lrwan1.o
 .debug_aranges
                0x00000080       0x78 Drivers/BSP/CMWX1ZZABZ-0xx/mlm32l07x01.o
 .debug_aranges
                0x000000f8      0x148 Drivers/BSP/Components/sx1276.o
 .debug_aranges
                0x00000240       0x28 Drivers/CMSIS/system_stm32l0xx.o
 .debug_aranges
                0x00000268       0xe0 Drivers/STM32L0xx_HAL_Driver/stm32l0xx_hal.o
 .debug_aranges
                0x00000348      0x100 Drivers/STM32L0xx_HAL_Driver/stm32l0xx_hal_adc.o
 .debug_aranges
                0x00000448       0xc8 Drivers/STM32L0xx_HAL_Driver/stm32l0xx_hal_cortex.o
 .debug_aranges
                0x00000510       0x70 Drivers/STM32L0xx_HAL_Driver/stm32l0xx_hal_dma.o
 .debug_aranges
                0x00000580       0x58 Drivers/STM32L0xx_HAL_Driver/stm32l0xx_hal_gpio.o
 .debug_aranges
                0x000005d8       0xa0 Drivers/STM32L0xx_HAL_Driver/stm32l0xx_hal_pwr.o
 .debug_aranges
                0x00000678       0x50 Drivers/STM32L0xx_HAL_Driver/stm32l0xx_hal_pwr_ex.o
 .debug_aranges
                0x000006c8       0x88 Drivers/STM32L0xx_HAL_Driver/stm32l0xx_hal_rcc.o
 .debug_aranges
                0x00000750       0xb0 Drivers/STM32L0xx_HAL_Driver/stm32l0xx_hal_rcc_ex.o
 .debug_aranges
                0x00000800       0xb8 Drivers/STM32L0xx_HAL_Driver/stm32l0xx_hal_rtc.o
 .debug_aranges
                0x000008b8      0x130 Drivers/STM32L0xx_HAL_Driver/stm32l0xx_hal_rtc_ex.o
 .debug_aranges
                0x000009e8      0x150 Drivers/STM32L0xx_HAL_Driver/stm32l0xx_hal_spi.o
 .debug_aranges
                0x00000b38      0x1e8 Drivers/STM32L0xx_HAL_Driver/stm32l0xx_hal_uart.o
 .debug_aranges
                0x00000d20       0x60 Drivers/STM32L0xx_HAL_Driver/stm32l0xx_hal_uart_ex.o
 .debug_aranges
                0x00000d80       0x68 Middlewares/LoRaWAN/Utilities/low_power_manager.o
 .debug_aranges
                0x00000de8       0x58 Middlewares/LoRaWAN/Utilities/queue.o
 .debug_aranges
                0x00000e40       0x90 Middlewares/LoRaWAN/Utilities/timeServer.o
 .debug_aranges
                0x00000ed0       0x38 Middlewares/LoRaWAN/Utilities/trace.o
 .debug_aranges
                0x00000f08       0x50 Middlewares/LoRaWAN/Utilities/utilities.o
 .debug_aranges
                0x00000f58       0x28 Projects/PingPong/debug.o
 .debug_aranges
                0x00000f80       0x48 Projects/PingPong/hw_gpio.o
 .debug_aranges
                0x00000fc8       0xc8 Projects/PingPong/hw_rtc.o
 .debug_aranges
                0x00001090       0x48 Projects/PingPong/hw_spi.o
 .debug_aranges
                0x000010d8       0x50 Projects/PingPong/main.o
 .debug_aranges
                0x00001128       0x58 Projects/PingPong/mlm32l0xx_hal_msp.o
 .debug_aranges
                0x00001180       0x98 Projects/PingPong/mlm32l0xx_hw.o
 .debug_aranges
                0x00001218       0x90 Projects/PingPong/mlm32l0xx_it.o
 .debug_aranges
                0x000012a8       0x68 Projects/PingPong/vcom.o

.debug_str      0x00000000    0x990e4
 .debug_str     0x00000000      0x13b Application/SW4STM32/startup_stm32l072xx.o
 .debug_str     0x0000013b    0x892ef Drivers/BSP/B_L072Z_LRWAN1/b-l072z-lrwan1.o
                              0x8977d (size before relaxing)
 .debug_str     0x0008942a     0x9e0b Drivers/BSP/CMWX1ZZABZ-0xx/mlm32l07x01.o
                              0x9313c (size before relaxing)
 .debug_str     0x00093235      0x5ad Drivers/BSP/Components/sx1276.o
                              0x934f1 (size before relaxing)
 .debug_str     0x000937e2       0xe4 Drivers/CMSIS/system_stm32l0xx.o
                              0x88a4e (size before relaxing)
 .debug_str     0x000938c6      0x43e Drivers/STM32L0xx_HAL_Driver/stm32l0xx_hal.o
                              0x8902a (size before relaxing)
 .debug_str     0x00093d04      0x718 Drivers/STM32L0xx_HAL_Driver/stm32l0xx_hal_adc.o
                              0x890bc (size before relaxing)
 .debug_str     0x0009441c      0x271 Drivers/STM32L0xx_HAL_Driver/stm32l0xx_hal_cortex.o
                              0x88e60 (size before relaxing)
 .debug_str     0x0009468d      0x1de Drivers/STM32L0xx_HAL_Driver/stm32l0xx_hal_dma.o
                              0x88cc1 (size before relaxing)
 .debug_str     0x0009486b      0x285 Drivers/STM32L0xx_HAL_Driver/stm32l0xx_hal_gpio.o
                              0x88cd4 (size before relaxing)
 .debug_str     0x00094af0      0x2dd Drivers/STM32L0xx_HAL_Driver/stm32l0xx_hal_pwr.o
                              0x88c88 (size before relaxing)
 .debug_str     0x00094dcd      0x17b Drivers/STM32L0xx_HAL_Driver/stm32l0xx_hal_pwr_ex.o
                              0x88a68 (size before relaxing)
 .debug_str     0x00094f48      0x59d Drivers/STM32L0xx_HAL_Driver/stm32l0xx_hal_rcc.o